Archive member included to satisfy reference by file (symbol)

C:/ST/STM32CubeIDE_1.14.1/STM32CubeIDE/plugins/com.st.stm32cube.ide.mcu.externaltools.gnu-tools-for-stm32.12.3.rel1.win32_1.0.100.202403111256/tools/bin/../lib/gcc/arm-none-eabi/12.3.1/../../../../arm-none-eabi/lib/thumb/v7e-m+fp/hard\libc.a(libc_a-exit.o)
                              C:/ST/STM32CubeIDE_1.14.1/STM32CubeIDE/plugins/com.st.stm32cube.ide.mcu.externaltools.gnu-tools-for-stm32.12.3.rel1.win32_1.0.100.202403111256/tools/bin/../lib/gcc/arm-none-eabi/12.3.1/../../../../arm-none-eabi/lib/thumb/v7e-m+fp/hard/crt0.o (exit)
C:/ST/STM32CubeIDE_1.14.1/STM32CubeIDE/plugins/com.st.stm32cube.ide.mcu.externaltools.gnu-tools-for-stm32.12.3.rel1.win32_1.0.100.202403111256/tools/bin/../lib/gcc/arm-none-eabi/12.3.1/../../../../arm-none-eabi/lib/thumb/v7e-m+fp/hard\libc.a(libc_a-findfp.o)
                              C:/ST/STM32CubeIDE_1.14.1/STM32CubeIDE/plugins/com.st.stm32cube.ide.mcu.externaltools.gnu-tools-for-stm32.12.3.rel1.win32_1.0.100.202403111256/tools/bin/../lib/gcc/arm-none-eabi/12.3.1/../../../../arm-none-eabi/lib/thumb/v7e-m+fp/hard\libc.a(libc_a-exit.o) (__stdio_exit_handler)
C:/ST/STM32CubeIDE_1.14.1/STM32CubeIDE/plugins/com.st.stm32cube.ide.mcu.externaltools.gnu-tools-for-stm32.12.3.rel1.win32_1.0.100.202403111256/tools/bin/../lib/gcc/arm-none-eabi/12.3.1/../../../../arm-none-eabi/lib/thumb/v7e-m+fp/hard\libc.a(libc_a-fwalk.o)
                              C:/ST/STM32CubeIDE_1.14.1/STM32CubeIDE/plugins/com.st.stm32cube.ide.mcu.externaltools.gnu-tools-for-stm32.12.3.rel1.win32_1.0.100.202403111256/tools/bin/../lib/gcc/arm-none-eabi/12.3.1/../../../../arm-none-eabi/lib/thumb/v7e-m+fp/hard\libc.a(libc_a-findfp.o) (_fwalk_sglue)
C:/ST/STM32CubeIDE_1.14.1/STM32CubeIDE/plugins/com.st.stm32cube.ide.mcu.externaltools.gnu-tools-for-stm32.12.3.rel1.win32_1.0.100.202403111256/tools/bin/../lib/gcc/arm-none-eabi/12.3.1/../../../../arm-none-eabi/lib/thumb/v7e-m+fp/hard\libc.a(libc_a-sprintf.o)
                              ./Core/Src/main.o (sprintf)
C:/ST/STM32CubeIDE_1.14.1/STM32CubeIDE/plugins/com.st.stm32cube.ide.mcu.externaltools.gnu-tools-for-stm32.12.3.rel1.win32_1.0.100.202403111256/tools/bin/../lib/gcc/arm-none-eabi/12.3.1/../../../../arm-none-eabi/lib/thumb/v7e-m+fp/hard\libc.a(libc_a-stdio.o)
                              C:/ST/STM32CubeIDE_1.14.1/STM32CubeIDE/plugins/com.st.stm32cube.ide.mcu.externaltools.gnu-tools-for-stm32.12.3.rel1.win32_1.0.100.202403111256/tools/bin/../lib/gcc/arm-none-eabi/12.3.1/../../../../arm-none-eabi/lib/thumb/v7e-m+fp/hard\libc.a(libc_a-findfp.o) (__sread)
C:/ST/STM32CubeIDE_1.14.1/STM32CubeIDE/plugins/com.st.stm32cube.ide.mcu.externaltools.gnu-tools-for-stm32.12.3.rel1.win32_1.0.100.202403111256/tools/bin/../lib/gcc/arm-none-eabi/12.3.1/../../../../arm-none-eabi/lib/thumb/v7e-m+fp/hard\libc.a(libc_a-memset.o)
                              C:/ST/STM32CubeIDE_1.14.1/STM32CubeIDE/plugins/com.st.stm32cube.ide.mcu.externaltools.gnu-tools-for-stm32.12.3.rel1.win32_1.0.100.202403111256/tools/bin/../lib/gcc/arm-none-eabi/12.3.1/../../../../arm-none-eabi/lib/thumb/v7e-m+fp/hard/crt0.o (memset)
C:/ST/STM32CubeIDE_1.14.1/STM32CubeIDE/plugins/com.st.stm32cube.ide.mcu.externaltools.gnu-tools-for-stm32.12.3.rel1.win32_1.0.100.202403111256/tools/bin/../lib/gcc/arm-none-eabi/12.3.1/../../../../arm-none-eabi/lib/thumb/v7e-m+fp/hard\libc.a(libc_a-closer.o)
                              C:/ST/STM32CubeIDE_1.14.1/STM32CubeIDE/plugins/com.st.stm32cube.ide.mcu.externaltools.gnu-tools-for-stm32.12.3.rel1.win32_1.0.100.202403111256/tools/bin/../lib/gcc/arm-none-eabi/12.3.1/../../../../arm-none-eabi/lib/thumb/v7e-m+fp/hard\libc.a(libc_a-stdio.o) (_close_r)
C:/ST/STM32CubeIDE_1.14.1/STM32CubeIDE/plugins/com.st.stm32cube.ide.mcu.externaltools.gnu-tools-for-stm32.12.3.rel1.win32_1.0.100.202403111256/tools/bin/../lib/gcc/arm-none-eabi/12.3.1/../../../../arm-none-eabi/lib/thumb/v7e-m+fp/hard\libc.a(libc_a-reent.o)
                              C:/ST/STM32CubeIDE_1.14.1/STM32CubeIDE/plugins/com.st.stm32cube.ide.mcu.externaltools.gnu-tools-for-stm32.12.3.rel1.win32_1.0.100.202403111256/tools/bin/../lib/gcc/arm-none-eabi/12.3.1/../../../../arm-none-eabi/lib/thumb/v7e-m+fp/hard\libc.a(libc_a-closer.o) (errno)
C:/ST/STM32CubeIDE_1.14.1/STM32CubeIDE/plugins/com.st.stm32cube.ide.mcu.externaltools.gnu-tools-for-stm32.12.3.rel1.win32_1.0.100.202403111256/tools/bin/../lib/gcc/arm-none-eabi/12.3.1/../../../../arm-none-eabi/lib/thumb/v7e-m+fp/hard\libc.a(libc_a-impure.o)
                              C:/ST/STM32CubeIDE_1.14.1/STM32CubeIDE/plugins/com.st.stm32cube.ide.mcu.externaltools.gnu-tools-for-stm32.12.3.rel1.win32_1.0.100.202403111256/tools/bin/../lib/gcc/arm-none-eabi/12.3.1/../../../../arm-none-eabi/lib/thumb/v7e-m+fp/hard\libc.a(libc_a-sprintf.o) (_impure_ptr)
[...]
Memory Configuration

Name             Origin             Length             Attributes
RAM              0x20000000         0x00020000         xrw
FLASH            0x08000000         0x00080000         xr
*default*        0x00000000         0xffffffff

Linker script and memory map

LOAD C:/ST/STM32CubeIDE_1.14.1/STM32CubeIDE/plugins/com.st.stm32cube.ide.mcu.externaltools.gnu-tools-for-stm32.12.3.rel1.win32_1.0.100.202403111256/tools/bin/../lib/gcc/arm-none-eabi/12.3.1/thumb/v7e-m+fp/hard/crti.o
LOAD C:/ST/STM32CubeIDE_1.14.1/STM32CubeIDE/plugins/com.st.stm32cube.ide.mcu.externaltools.gnu-tools-for-stm32.12.3.rel1.win32_1.0.100.202403111256/tools/bin/../lib/gcc/arm-none-eabi/12.3.1/thumb/v7e-m+fp/hard/crtbegin.o
LOAD C:/ST/STM32CubeIDE_1.14.1/STM32CubeIDE/plugins/com.st.stm32cube.ide.mcu.externaltools.gnu-tools-for-stm32.12.3.rel1.win32_1.0.100.202403111256/tools/bin/../lib/gcc/arm-none-eabi/12.3.1/../../../../arm-none-eabi/lib/thumb/v7e-m+fp/hard/crt0.o
LOAD ./Core/Src/count2volt.o
LOAD ./Core/Src/main.o
LOAD ./Core/Src/stm32f4xx_hal_msp.o
LOAD ./Core/Src/stm32f4xx_it.o
LOAD ./Core/Src/syscalls.o
LOAD ./Core/Src/sysmem.o
LOAD ./Core/Src/system_stm32f4xx.o
LOAD ./Core/Startup/startup_stm32f411ceux.o
LOAD ./Drivers/STM32F4xx_HAL_Driver/Src/stm32f4xx_hal.o
LOAD ./Drivers/STM32F4xx_HAL_Driver/Src/stm32f4xx_hal_adc.o
LOAD ./Drivers/STM32F4xx_HAL_Driver/Src/stm32f4xx_hal_adc_ex.o
LOAD ./Drivers/STM32F4xx_HAL_Driver/Src/stm32f4xx_hal_cortex.o
LOAD ./Drivers/STM32F4xx_HAL_Driver/Src/stm32f4xx_hal_dma.o
LOAD ./Drivers/STM32F4xx_HAL_Driver/Src/stm32f4xx_hal_dma_ex.o
LOAD ./Drivers/STM32F4xx_HAL_Driver/Src/stm32f4xx_hal_exti.o
LOAD ./Drivers/STM32F4xx_HAL_Driver/Src/stm32f4xx_hal_flash.o
LOAD ./Drivers/STM32F4xx_HAL_Driver/Src/stm32f4xx_hal_flash_ex.o
LOAD ./Drivers/STM32F4xx_HAL_Driver/Src/stm32f4xx_hal_flash_ramfunc.o
LOAD ./Drivers/STM32F4xx_HAL_Driver/Src/stm32f4xx_hal_gpio.o
LOAD ./Drivers/STM32F4xx_HAL_Driver/Src/stm32f4xx_hal_i2c.o
LOAD ./Drivers/STM32F4xx_HAL_Driver/Src/stm32f4xx_hal_i2c_ex.o
LOAD ./Drivers/STM32F4xx_HAL_Driver/Src/stm32f4xx_hal_pcd.o
LOAD ./Drivers/STM32F4xx_HAL_Driver/Src/stm32f4xx_hal_pcd_ex.o
LOAD ./Drivers/STM32F4xx_HAL_Driver/Src/stm32f4xx_hal_pwr.o
LOAD ./Drivers/STM32F4xx_HAL_Driver/Src/stm32f4xx_hal_pwr_ex.o
LOAD ./Drivers/STM32F4xx_HAL_Driver/Src/stm32f4xx_hal_rcc.o
LOAD ./Drivers/STM32F4xx_HAL_Driver/Src/stm32f4xx_hal_rcc_ex.o
LOAD ./Drivers/STM32F4xx_HAL_Driver/Src/stm32f4xx_hal_tim.o
LOAD ./Drivers/STM32F4xx_HAL_Driver/Src/stm32f4xx_hal_tim_ex.o
LOAD ./Drivers/STM32F4xx_HAL_Driver/Src/stm32f4xx_ll_adc.o
LOAD ./Drivers/STM32F4xx_HAL_Driver/Src/stm32f4xx_ll_usb.o
LOAD ./Middlewares/ST/STM32_USB_Device_Library/Class/CDC/Src/usbd_cdc.o
LOAD ./Middlewares/ST/STM32_USB_Device_Library/Core/Src/usbd_core.o
LOAD ./Middlewares/ST/STM32_USB_Device_Library/Core/Src/usbd_ctlreq.o
LOAD ./Middlewares/ST/STM32_USB_Device_Library/Core/Src/usbd_ioreq.o
LOAD ./USB_DEVICE/App/usb_device.o
LOAD ./USB_DEVICE/App/usbd_cdc_if.o
LOAD ./USB_DEVICE/App/usbd_desc.o
LOAD ./USB_DEVICE/Target/usbd_conf.o
START GROUP
LOAD C:/ST/STM32CubeIDE_1.14.1/STM32CubeIDE/plugins/com.st.stm32cube.ide.mcu.externaltools.gnu-tools-for-stm32.12.3.rel1.win32_1.0.100.202403111256/tools/bin/../lib/gcc/arm-none-eabi/12.3.1/../../../../arm-none-eabi/lib/thumb/v7e-m+fp/hard\libc.a
LOAD C:/ST/STM32CubeIDE_1.14.1/STM32CubeIDE/plugins/com.st.stm32cube.ide.mcu.externaltools.gnu-tools-for-stm32.12.3.rel1.win32_1.0.100.202403111256/tools/bin/../lib/gcc/arm-none-eabi/12.3.1/../../../../arm-none-eabi/lib/thumb/v7e-m+fp/hard\libm.a
END GROUP
START GROUP
LOAD C:/ST/STM32CubeIDE_1.14.1/STM32CubeIDE/plugins/com.st.stm32cube.ide.mcu.externaltools.gnu-tools-for-stm32.12.3.rel1.win32_1.0.100.202403111256/tools/bin/../lib/gcc/arm-none-eabi/12.3.1/thumb/v7e-m+fp/hard\libgcc.a
LOAD C:/ST/STM32CubeIDE_1.14.1/STM32CubeIDE/plugins/com.st.stm32cube.ide.mcu.externaltools.gnu-tools-for-stm32.12.3.rel1.win32_1.0.100.202403111256/tools/bin/../lib/gcc/arm-none-eabi/12.3.1/../../../../arm-none-eabi/lib/thumb/v7e-m+fp/hard\libc.a
END GROUP
START GROUP
LOAD C:/ST/STM32CubeIDE_1.14.1/STM32CubeIDE/plugins/com.st.stm32cube.ide.mcu.externaltools.gnu-tools-for-stm32.12.3.rel1.win32_1.0.100.202403111256/tools/bin/../lib/gcc/arm-none-eabi/12.3.1/thumb/v7e-m+fp/hard\libgcc.a
LOAD C:/ST/STM32CubeIDE_1.14.1/STM32CubeIDE/plugins/com.st.stm32cube.ide.mcu.externaltools.gnu-tools-for-stm32.12.3.rel1.win32_1.0.100.202403111256/tools/bin/../lib/gcc/arm-none-eabi/12.3.1/../../../../arm-none-eabi/lib/thumb/v7e-m+fp/hard\libc.a
LOAD C:/ST/STM32CubeIDE_1.14.1/STM32CubeIDE/plugins/com.st.stm32cube.ide.mcu.externaltools.gnu-tools-for-stm32.12.3.rel1.win32_1.0.100.202403111256/tools/bin/../lib/gcc/arm-none-eabi/12.3.1/../../../../arm-none-eabi/lib/thumb/v7e-m+fp/hard\libnosys.a
END GROUP
LOAD C:/ST/STM32CubeIDE_1.14.1/STM32CubeIDE/plugins/com.st.stm32cube.ide.mcu.externaltools.gnu-tools-for-stm32.12.3.rel1.win32_1.0.100.202403111256/tools/bin/../lib/gcc/arm-none-eabi/12.3.1/thumb/v7e-m+fp/hard/crtend.o
LOAD C:/ST/STM32CubeIDE_1.14.1/STM32CubeIDE/plugins/com.st.stm32cube.ide.mcu.externaltools.gnu-tools-for-stm32.12.3.rel1.win32_1.0.100.202403111256/tools/bin/../lib/gcc/arm-none-eabi/12.3.1/thumb/v7e-m+fp/hard/crtn.o
                0x20020000                        _estack = (ORIGIN (RAM) + LENGTH (RAM))
                0x00000200                        _Min_Heap_Size = 0x200
                0x00000400                        _Min_Stack_Size = 0x400

.isr_vector     0x08000000      0x198
                0x08000000                        . = ALIGN (0x4)
 *(.isr_vector)
 .isr_vector    0x08000000      0x198 ./Core/Startup/startup_stm32f411ceux.o
                0x08000000                g_pfnVectors
                0x08000198                        . = ALIGN (0x4)

.text           0x080001a0     0xe5d4
                0x080001a0                        . = ALIGN (0x4)
 *(.text)
 .text          0x080001a0       0x40 C:/ST/STM32CubeIDE_1.14.1/STM32CubeIDE/plugins/com.st.stm32cube.ide.mcu.externaltools.gnu-tools-for-stm32.12.3.rel1.win32_1.0.100.202403111256/tools/bin/../lib/gcc/arm-none-eabi/12.3.1/thumb/v7e-m+fp/hard/crtbegin.o
 .text          0x080001e0       0xa0 C:/ST/STM32CubeIDE_1.14.1/STM32CubeIDE/plugins/com.st.stm32cube.ide.mcu.externaltools.gnu-tools-for-stm32.12.3.rel1.win32_1.0.100.202403111256/tools/bin/../lib/gcc/arm-none-eabi/12.3.1/../../../../arm-none-eabi/lib/thumb/v7e-m+fp/hard\libc.a(libc_a-memchr.o)
                0x080001e0                memchr
 .text          0x08000280       0x10 C:/ST/STM32CubeIDE_1.14.1/STM32CubeIDE/plugins/com.st.stm32cube.ide.mcu.externaltools.gnu-tools-for-stm32.12.3.rel1.win32_1.0.100.202403111256/tools/bin/../lib/gcc/arm-none-eabi/12.3.1/../../../../arm-none-eabi/lib/thumb/v7e-m+fp/hard\libc.a(libc_a-strlen.o)
                0x08000280                strlen
 .text          0x08000290      0x378 C:/ST/STM32CubeIDE_1.14.1/STM32CubeIDE/plugins/com.st.stm32cube.ide.mcu.externaltools.gnu-tools-for-stm32.12.3.rel1.win32_1.0.100.202403111256/tools/bin/../lib/gcc/arm-none-eabi/12.3.1/thumb/v7e-m+fp/hard\libgcc.a(_arm_addsubdf3.o)
                0x08000290                __aeabi_drsub
                0x08000298                __aeabi_dsub
                0x08000298                __subdf3
                0x0800029c                __aeabi_dadd
                0x0800029c                __adddf3
                0x08000514                __floatunsidf
                0x08000514                __aeabi_ui2d
                0x08000534                __floatsidf
                0x08000534                __aeabi_i2d
                0x08000558                __aeabi_f2d
                0x08000558                __extendsfdf2
                0x0800059c                __floatundidf
                0x0800059c                __aeabi_ul2d
                0x080005ac                __floatdidf
                0x080005ac                __aeabi_l2d
 .text          0x08000608      0x424 C:/ST/STM32CubeIDE_1.14.1/STM32CubeIDE/plugins/com.st.stm32cube.ide.mcu.externaltools.gnu-tools-for-stm32.12.3.rel1.win32_1.0.100.202403111256/tools/bin/../lib/gcc/arm-none-eabi/12.3.1/thumb/v7e-m+fp/hard\libgcc.a(_arm_muldivdf3.o)
                0x08000608                __aeabi_dmul
                0x08000608                __muldf3
                0x0800085c                __divdf3
                0x0800085c                __aeabi_ddiv
 .text          0x08000a2c      0x110 C:/ST/STM32CubeIDE_1.14.1/STM32CubeIDE/plugins/com.st.stm32cube.ide.mcu.externaltools.gnu-tools-for-stm32.12.3.rel1.win32_1.0.100.202403111256/tools/bin/../lib/gcc/arm-none-eabi/12.3.1/thumb/v7e-m+fp/hard\libgcc.a(_arm_cmpdf2.o)
                0x08000a2c                __gtdf2
                0x08000a2c                __gedf2
                0x08000a34                __ltdf2
                0x08000a34                __ledf2
                0x08000a3c                __nedf2
                0x08000a3c                __eqdf2
                0x08000a3c                __cmpdf2
                0x08000ab8                __aeabi_cdrcmple
                0x08000ac8                __aeabi_cdcmpeq
                0x08000ac8                __aeabi_cdcmple
                0x08000ad8                __aeabi_dcmpeq
                0x08000aec                __aeabi_dcmplt
                0x08000b00                __aeabi_dcmple
                0x08000b14                __aeabi_dcmpge
                0x08000b28                __aeabi_dcmpgt
 .text          0x08000b3c       0x2c C:/ST/STM32CubeIDE_1.14.1/STM32CubeIDE/plugins/com.st.stm32cube.ide.mcu.externaltools.gnu-tools-for-stm32.12.3.rel1.win32_1.0.100.202403111256/tools/bin/../lib/gcc/arm-none-eabi/12.3.1/thumb/v7e-m+fp/hard\libgcc.a(_arm_unorddf2.o)
                0x08000b3c                __unorddf2
                0x08000b3c                __aeabi_dcmpun
 .text          0x08000b68       0x50 C:/ST/STM32CubeIDE_1.14.1/STM32CubeIDE/plugins/com.st.stm32cube.ide.mcu.externaltools.gnu-tools-for-stm32.12.3.rel1.win32_1.0.100.202403111256/tools/bin/../lib/gcc/arm-none-eabi/12.3.1/thumb/v7e-m+fp/hard\libgcc.a(_arm_fixdfsi.o)
                0x08000b68                __aeabi_d2iz
                0x08000b68                __fixdfsi
 .text          0x08000bb8       0x30 C:/ST/STM32CubeIDE_1.14.1/STM32CubeIDE/plugins/com.st.stm32cube.ide.mcu.externaltools.gnu-tools-for-stm32.12.3.rel1.win32_1.0.100.202403111256/tools/bin/../lib/gcc/arm-none-eabi/12.3.1/thumb/v7e-m+fp/hard\libgcc.a(_aeabi_uldivmod.o)
                0x08000bb8                __aeabi_uldivmod
 .text          0x08000be8      0x2bc C:/ST/STM32CubeIDE_1.14.1/STM32CubeIDE/plugins/com.st.stm32cube.ide.mcu.externaltools.gnu-tools-for-stm32.12.3.rel1.win32_1.0.100.202403111256/tools/bin/../lib/gcc/arm-none-eabi/12.3.1/thumb/v7e-m+fp/hard\libgcc.a(_udivmoddi4.o)
                0x08000be8                __udivmoddi4
 .text          0x08000ea4        0x4 C:/ST/STM32CubeIDE_1.14.1/STM32CubeIDE/plugins/com.st.stm32cube.ide.mcu.externaltools.gnu-tools-for-stm32.12.3.rel1.win32_1.0.100.202403111256/tools/bin/../lib/gcc/arm-none-eabi/12.3.1/thumb/v7e-m+fp/hard\libgcc.a(_dvmd_tls.o)
                0x08000ea4                __aeabi_idiv0
                0x08000ea4                __aeabi_ldiv0
 *(.text*)
 .text.count2volt
                0x08000ea8       0xa0 ./Core/Src/count2volt.o
                0x08000ea8                count2volt
 .text.main     0x08000f48      0x120 ./Core/Src/main.o
                0x08000f48                main
 .text.SystemClock_Config
                0x08001068       0xd8 ./Core/Src/main.o
                0x08001068                SystemClock_Config
 .text.MX_ADC1_Init
                0x08001140       0xa4 ./Core/Src/main.o
 .text.MX_I2C2_Init
                0x080011e4       0x5c ./Core/Src/main.o
 .text.MX_GPIO_Init
                0x08001240       0xdc ./Core/Src/main.o
 .text.HAL_ADC_ConvCpltCallback
                0x0800131c       0x28 ./Core/Src/main.o
                0x0800131c                HAL_ADC_ConvCpltCallback
 .text.Error_Handler
                0x08001344        0xc ./Core/Src/main.o
                0x08001344                Error_Handler
 .text.HAL_MspInit
                0x08001350       0x50 ./Core/Src/stm32f4xx_hal_msp.o
                0x08001350                HAL_MspInit
 .text.HAL_ADC_MspInit
                0x080013a0       0x98 ./Core/Src/stm32f4xx_hal_msp.o
                0x080013a0                HAL_ADC_MspInit
 .text.HAL_I2C_MspInit
                0x08001438       0xb0 ./Core/Src/stm32f4xx_hal_msp.o
                0x08001438                HAL_I2C_MspInit
 .text.NMI_Handler
                0x080014e8        0x8 ./Core/Src/stm32f4xx_it.o
                0x080014e8                NMI_Handler
 .text.HardFault_Handler
                0x080014f0        0x8 ./Core/Src/stm32f4xx_it.o
                0x080014f0                HardFault_Handler
 .text.MemManage_Handler
                0x080014f8        0x8 ./Core/Src/stm32f4xx_it.o
                0x080014f8                MemManage_Handler
 .text.BusFault_Handler
                0x08001500        0x8 ./Core/Src/stm32f4xx_it.o
                0x08001500                BusFault_Handler
 .text.UsageFault_Handler
                0x08001508        0x8 ./Core/Src/stm32f4xx_it.o
                0x08001508                UsageFault_Handler
 .text.SVC_Handler
                0x08001510        0xe ./Core/Src/stm32f4xx_it.o
                0x08001510                SVC_Handler
 .text.DebugMon_Handler
                0x0800151e        0xe ./Core/Src/stm32f4xx_it.o
                0x0800151e                DebugMon_Handler
 .text.PendSV_Handler
                0x0800152c        0xe ./Core/Src/stm32f4xx_it.o
                0x0800152c                PendSV_Handler
 .text.SysTick_Handler
                0x0800153a        0xc ./Core/Src/stm32f4xx_it.o
                0x0800153a                SysTick_Handler
 *fill*         0x08001546        0x2 
 .text.ADC_IRQHandler
                0x08001548       0x14 ./Core/Src/stm32f4xx_it.o
                0x08001548                ADC_IRQHandler
 .text.OTG_FS_IRQHandler
                0x0800155c       0x14 ./Core/Src/stm32f4xx_it.o
                0x0800155c                OTG_FS_IRQHandler
 .text._getpid  0x08001570       0x10 ./Core/Src/syscalls.o
                0x08001570                _getpid
 .text._kill    0x08001580       0x20 ./Core/Src/syscalls.o
                0x08001580                _kill
 .text._exit    0x080015a0       0x16 ./Core/Src/syscalls.o
                0x080015a0                _exit
 .text._read    0x080015b6       0x3a ./Core/Src/syscalls.o
                0x080015b6                _read
 .text._write   0x080015f0       0x38 ./Core/Src/syscalls.o
                0x080015f0                _write
 .text._close   0x08001628       0x18 ./Core/Src/syscalls.o
                0x08001628                _close
 .text._fstat   0x08001640       0x20 ./Core/Src/syscalls.o
                0x08001640                _fstat
 .text._isatty  0x08001660       0x16 ./Core/Src/syscalls.o
                0x08001660                _isatty
 .text._lseek   0x08001676       0x1a ./Core/Src/syscalls.o
                0x08001676                _lseek
 .text._sbrk    0x08001690       0x6c ./Core/Src/sysmem.o
                0x08001690                _sbrk
 .text.SystemInit
                0x080016fc       0x24 ./Core/Src/system_stm32f4xx.o
                0x080016fc                SystemInit
 .text.Reset_Handler
                0x08001720       0x50 ./Core/Startup/startup_stm32f411ceux.o
                0x08001720                Reset_Handler
 .text.Default_Handler
                0x08001770        0x2 ./Core/Startup/startup_stm32f411ceux.o
                0x08001770                RTC_Alarm_IRQHandler
                0x08001770                EXTI2_IRQHandler
                0x08001770                SPI4_IRQHandler
                0x08001770                TIM1_CC_IRQHandler
                0x08001770                DMA2_Stream5_IRQHandler
                0x08001770                DMA1_Stream5_IRQHandler
                0x08001770                PVD_IRQHandler
                0x08001770                SDIO_IRQHandler
                0x08001770                TAMP_STAMP_IRQHandler
                0x08001770                EXTI3_IRQHandler
                0x08001770                TIM1_UP_TIM10_IRQHandler
                0x08001770                I2C3_ER_IRQHandler
                0x08001770                EXTI0_IRQHandler
                0x08001770                I2C2_EV_IRQHandler
                0x08001770                DMA1_Stream2_IRQHandler
                0x08001770                FPU_IRQHandler
                0x08001770                DMA2_Stream2_IRQHandler
                0x08001770                SPI1_IRQHandler
                0x08001770                TIM1_BRK_TIM9_IRQHandler
                0x08001770                DMA2_Stream3_IRQHandler
                0x08001770                USART6_IRQHandler
                0x08001770                DMA2_Stream0_IRQHandler
                0x08001770                TIM4_IRQHandler
                0x08001770                I2C1_EV_IRQHandler
                0x08001770                DMA1_Stream6_IRQHandler
                0x08001770                DMA1_Stream1_IRQHandler
                0x08001770                TIM3_IRQHandler
                0x08001770                RCC_IRQHandler
                0x08001770                Default_Handler
                0x08001770                EXTI15_10_IRQHandler
                0x08001770                DMA1_Stream7_IRQHandler
                0x08001770                SPI5_IRQHandler
                0x08001770                TIM5_IRQHandler
                0x08001770                DMA2_Stream7_IRQHandler
                0x08001770                I2C3_EV_IRQHandler
                0x08001770                EXTI9_5_IRQHandler
                0x08001770                RTC_WKUP_IRQHandler
                0x08001770                SPI2_IRQHandler
                0x08001770                DMA1_Stream0_IRQHandler
                0x08001770                EXTI4_IRQHandler
                0x08001770                WWDG_IRQHandler
                0x08001770                TIM2_IRQHandler
                0x08001770                OTG_FS_WKUP_IRQHandler
                0x08001770                TIM1_TRG_COM_TIM11_IRQHandler
                0x08001770                EXTI1_IRQHandler
                0x08001770                USART2_IRQHandler
                0x08001770                I2C2_ER_IRQHandler
                0x08001770                DMA2_Stream1_IRQHandler
                0x08001770                FLASH_IRQHandler
                0x08001770                DMA2_Stream4_IRQHandler
                0x08001770                USART1_IRQHandler
                0x08001770                SPI3_IRQHandler
                0x08001770                DMA1_Stream4_IRQHandler
                0x08001770                I2C1_ER_IRQHandler
                0x08001770                DMA2_Stream6_IRQHandler
                0x08001770                DMA1_Stream3_IRQHandler
 *fill*         0x08001772        0x2 
 .text.HAL_Init
                0x08001774       0x44 ./Drivers/STM32F4xx_HAL_Driver/Src/stm32f4xx_hal.o
                0x08001774                HAL_Init
 .text.HAL_InitTick
                0x080017b8       0x60 ./Drivers/STM32F4xx_HAL_Driver/Src/stm32f4xx_hal.o
                0x080017b8                HAL_InitTick
 .text.HAL_IncTick
                0x08001818       0x28 ./Drivers/STM32F4xx_HAL_Driver/Src/stm32f4xx_hal.o
                0x08001818                HAL_IncTick
 .text.HAL_GetTick
                0x08001840       0x18 ./Drivers/STM32F4xx_HAL_Driver/Src/stm32f4xx_hal.o
                0x08001840                HAL_GetTick
 .text.HAL_Delay
                0x08001858       0x48 ./Drivers/STM32F4xx_HAL_Driver/Src/stm32f4xx_hal.o
                0x08001858                HAL_Delay
 .text.HAL_ADC_Init
                0x080018a0       0x86 ./Drivers/STM32F4xx_HAL_Driver/Src/stm32f4xx_hal_adc.o
                0x080018a0                HAL_ADC_Init
 *fill*         0x08001926        0x2 
 .text.HAL_ADC_Start_IT
                0x08001928      0x17c ./Drivers/STM32F4xx_HAL_Driver/Src/stm32f4xx_hal_adc.o
                0x08001928                HAL_ADC_Start_IT
 .text.HAL_ADC_Stop_IT
                0x08001aa4       0x7a ./Drivers/STM32F4xx_HAL_Driver/Src/stm32f4xx_hal_adc.o
                0x08001aa4                HAL_ADC_Stop_IT
 .text.HAL_ADC_IRQHandler
                0x08001b1e      0x220 ./Drivers/STM32F4xx_HAL_Driver/Src/stm32f4xx_hal_adc.o
                0x08001b1e                HAL_ADC_IRQHandler
 .text.HAL_ADC_GetValue
                0x08001d3e       0x1a ./Drivers/STM32F4xx_HAL_Driver/Src/stm32f4xx_hal_adc.o
                0x08001d3e                HAL_ADC_GetValue
 .text.HAL_ADC_LevelOutOfWindowCallback
                0x08001d58       0x14 ./Drivers/STM32F4xx_HAL_Driver/Src/stm32f4xx_hal_adc.o
                0x08001d58                HAL_ADC_LevelOutOfWindowCallback
 .text.HAL_ADC_ErrorCallback
                0x08001d6c       0x14 ./Drivers/STM32F4xx_HAL_Driver/Src/stm32f4xx_hal_adc.o
                0x08001d6c                HAL_ADC_ErrorCallback
 .text.HAL_ADC_ConfigChannel
                0x08001d80      0x264 ./Drivers/STM32F4xx_HAL_Driver/Src/stm32f4xx_hal_adc.o
                0x08001d80                HAL_ADC_ConfigChannel
 .text.ADC_Init
                0x08001fe4      0x1f8 ./Drivers/STM32F4xx_HAL_Driver/Src/stm32f4xx_hal_adc.o
 .text.HAL_ADCEx_InjectedConvCpltCallback
                0x080021dc       0x14 ./Drivers/STM32F4xx_HAL_Driver/Src/stm32f4xx_hal_adc_ex.o
                0x080021dc                HAL_ADCEx_InjectedConvCpltCallback
 .text.__NVIC_SetPriorityGrouping
                0x080021f0       0x48 ./Drivers/STM32F4xx_HAL_Driver/Src/stm32f4xx_hal_cortex.o
 .text.__NVIC_GetPriorityGrouping
                0x08002238       0x1c ./Drivers/STM32F4xx_HAL_Driver/Src/stm32f4xx_hal_cortex.o
 .text.__NVIC_EnableIRQ
                0x08002254       0x3c ./Drivers/STM32F4xx_HAL_Driver/Src/stm32f4xx_hal_cortex.o
 .text.__NVIC_SetPriority
                0x08002290       0x54 ./Drivers/STM32F4xx_HAL_Driver/Src/stm32f4xx_hal_cortex.o
 .text.NVIC_EncodePriority
                0x080022e4       0x66 ./Drivers/STM32F4xx_HAL_Driver/Src/stm32f4xx_hal_cortex.o
 *fill*         0x0800234a        0x2 
 .text.SysTick_Config
                0x0800234c       0x44 ./Drivers/STM32F4xx_HAL_Driver/Src/stm32f4xx_hal_cortex.o
 .text.HAL_NVIC_SetPriorityGrouping
                0x08002390       0x16 ./Drivers/STM32F4xx_HAL_Driver/Src/stm32f4xx_hal_cortex.o
                0x08002390                HAL_NVIC_SetPriorityGrouping
 .text.HAL_NVIC_SetPriority
                0x080023a6       0x38 ./Drivers/STM32F4xx_HAL_Driver/Src/stm32f4xx_hal_cortex.o
                0x080023a6                HAL_NVIC_SetPriority
 .text.HAL_NVIC_EnableIRQ
                0x080023de       0x1c ./Drivers/STM32F4xx_HAL_Driver/Src/stm32f4xx_hal_cortex.o
                0x080023de                HAL_NVIC_EnableIRQ
 .text.HAL_SYSTICK_Config
                0x080023fa       0x18 ./Drivers/STM32F4xx_HAL_Driver/Src/stm32f4xx_hal_cortex.o
                0x080023fa                HAL_SYSTICK_Config
 *fill*         0x08002412        0x2 
 .text.HAL_GPIO_Init
                0x08002414      0x308 ./Drivers/STM32F4xx_HAL_Driver/Src/stm32f4xx_hal_gpio.o
                0x08002414                HAL_GPIO_Init
 .text.HAL_GPIO_ReadPin
                0x0800271c       0x30 ./Drivers/STM32F4xx_HAL_Driver/Src/stm32f4xx_hal_gpio.o
                0x0800271c                HAL_GPIO_ReadPin
 .text.HAL_GPIO_WritePin
                0x0800274c       0x32 ./Drivers/STM32F4xx_HAL_Driver/Src/stm32f4xx_hal_gpio.o
                0x0800274c                HAL_GPIO_WritePin
 .text.HAL_GPIO_TogglePin
                0x0800277e       0x34 ./Drivers/STM32F4xx_HAL_Driver/Src/stm32f4xx_hal_gpio.o
                0x0800277e                HAL_GPIO_TogglePin
 *fill*         0x080027b2        0x2 
 .text.HAL_I2C_Init
                0x080027b4      0x288 ./Drivers/STM32F4xx_HAL_Driver/Src/stm32f4xx_hal_i2c.o
                0x080027b4                HAL_I2C_Init
 .text.HAL_I2C_Master_Transmit
                0x08002a3c      0x1fc ./Drivers/STM32F4xx_HAL_Driver/Src/stm32f4xx_hal_i2c.o
                0x08002a3c                HAL_I2C_Master_Transmit
 .text.I2C_MasterRequestWrite
                0x08002c38      0x104 ./Drivers/STM32F4xx_HAL_Driver/Src/stm32f4xx_hal_i2c.o
 .text.I2C_WaitOnFlagUntilTimeout
                0x08002d3c       0xf4 ./Drivers/STM32F4xx_HAL_Driver/Src/stm32f4xx_hal_i2c.o
 .text.I2C_WaitOnMasterAddressFlagUntilTimeout
                0x08002e30      0x140 ./Drivers/STM32F4xx_HAL_Driver/Src/stm32f4xx_hal_i2c.o
 .text.I2C_WaitOnTXEFlagUntilTimeout
                0x08002f70       0x90 ./Drivers/STM32F4xx_HAL_Driver/Src/stm32f4xx_hal_i2c.o
 .text.I2C_WaitOnBTFFlagUntilTimeout
                0x08003000       0x90 ./Drivers/STM32F4xx_HAL_Driver/Src/stm32f4xx_hal_i2c.o
 .text.I2C_IsAcknowledgeFailed
                0x08003090       0x5e ./Drivers/STM32F4xx_HAL_Driver/Src/stm32f4xx_hal_i2c.o
 .text.HAL_PCD_Init
                0x080030ee      0x21e ./Drivers/STM32F4xx_HAL_Driver/Src/stm32f4xx_hal_pcd.o
                0x080030ee                HAL_PCD_Init
 .text.HAL_PCD_Start
                0x0800330c       0x6a ./Drivers/STM32F4xx_HAL_Driver/Src/stm32f4xx_hal_pcd.o
                0x0800330c                HAL_PCD_Start
 .text.HAL_PCD_IRQHandler
                0x08003376      0x942 ./Drivers/STM32F4xx_HAL_Driver/Src/stm32f4xx_hal_pcd.o
                0x08003376                HAL_PCD_IRQHandler
 .text.HAL_PCD_SetAddress
                0x08003cb8       0x48 ./Drivers/STM32F4xx_HAL_Driver/Src/stm32f4xx_hal_pcd.o
                0x08003cb8                HAL_PCD_SetAddress
 .text.HAL_PCD_EP_Open
                0x08003d00       0xd0 ./Drivers/STM32F4xx_HAL_Driver/Src/stm32f4xx_hal_pcd.o
                0x08003d00                HAL_PCD_EP_Open
 .text.HAL_PCD_EP_Close
                0x08003dd0       0x94 ./Drivers/STM32F4xx_HAL_Driver/Src/stm32f4xx_hal_pcd.o
                0x08003dd0                HAL_PCD_EP_Close
 .text.HAL_PCD_EP_Receive
                0x08003e64       0x76 ./Drivers/STM32F4xx_HAL_Driver/Src/stm32f4xx_hal_pcd.o
                0x08003e64                HAL_PCD_EP_Receive
 .text.HAL_PCD_EP_GetRxCount
                0x08003eda       0x30 ./Drivers/STM32F4xx_HAL_Driver/Src/stm32f4xx_hal_pcd.o
                0x08003eda                HAL_PCD_EP_GetRxCount
 .text.HAL_PCD_EP_Transmit
                0x08003f0a       0x74 ./Drivers/STM32F4xx_HAL_Driver/Src/stm32f4xx_hal_pcd.o
                0x08003f0a                HAL_PCD_EP_Transmit
 .text.HAL_PCD_EP_SetStall
                0x08003f7e       0xc6 ./Drivers/STM32F4xx_HAL_Driver/Src/stm32f4xx_hal_pcd.o
                0x08003f7e                HAL_PCD_EP_SetStall
 .text.HAL_PCD_EP_ClrStall
                0x08004044       0xac ./Drivers/STM32F4xx_HAL_Driver/Src/stm32f4xx_hal_pcd.o
                0x08004044                HAL_PCD_EP_ClrStall
 .text.HAL_PCD_EP_Abort
                0x080040f0       0x62 ./Drivers/STM32F4xx_HAL_Driver/Src/stm32f4xx_hal_pcd.o
                0x080040f0                HAL_PCD_EP_Abort
 .text.PCD_WriteEmptyTxFifo
                0x08004152      0x118 ./Drivers/STM32F4xx_HAL_Driver/Src/stm32f4xx_hal_pcd.o
 *fill*         0x0800426a        0x2 
 .text.PCD_EP_OutXfrComplete_int
                0x0800426c      0x1d0 ./Drivers/STM32F4xx_HAL_Driver/Src/stm32f4xx_hal_pcd.o
 .text.PCD_EP_OutSetupPacket_int
                0x0800443c       0x8c ./Drivers/STM32F4xx_HAL_Driver/Src/stm32f4xx_hal_pcd.o
 .text.HAL_PCDEx_SetTxFiFo
                0x080044c8       0x8e ./Drivers/STM32F4xx_HAL_Driver/Src/stm32f4xx_hal_pcd_ex.o
                0x080044c8                HAL_PCDEx_SetTxFiFo
 .text.HAL_PCDEx_SetRxFiFo
                0x08004556       0x22 ./Drivers/STM32F4xx_HAL_Driver/Src/stm32f4xx_hal_pcd_ex.o
                0x08004556                HAL_PCDEx_SetRxFiFo
 .text.HAL_PCDEx_LPM_Callback
                0x08004578       0x18 ./Drivers/STM32F4xx_HAL_Driver/Src/stm32f4xx_hal_pcd_ex.o
                0x08004578                HAL_PCDEx_LPM_Callback
 .text.HAL_RCC_OscConfig
                0x08004590      0x4f0 ./Drivers/STM32F4xx_HAL_Driver/Src/stm32f4xx_hal_rcc.o
                0x08004590                HAL_RCC_OscConfig
 .text.HAL_RCC_ClockConfig
                0x08004a80      0x1cc ./Drivers/STM32F4xx_HAL_Driver/Src/stm32f4xx_hal_rcc.o
                0x08004a80                HAL_RCC_ClockConfig
 .text.HAL_RCC_GetSysClockFreq
                0x08004c4c      0x18c ./Drivers/STM32F4xx_HAL_Driver/Src/stm32f4xx_hal_rcc.o
                0x08004c4c                HAL_RCC_GetSysClockFreq
 .text.HAL_RCC_GetHCLKFreq
                0x08004dd8       0x18 ./Drivers/STM32F4xx_HAL_Driver/Src/stm32f4xx_hal_rcc.o
                0x08004dd8                HAL_RCC_GetHCLKFreq
 .text.HAL_RCC_GetPCLK1Freq
                0x08004df0       0x28 ./Drivers/STM32F4xx_HAL_Driver/Src/stm32f4xx_hal_rcc.o
                0x08004df0                HAL_RCC_GetPCLK1Freq
 .text.USB_CoreInit
                0x08004e18       0xc8 ./Drivers/STM32F4xx_HAL_Driver/Src/stm32f4xx_ll_usb.o
                0x08004e18                USB_CoreInit
 .text.USB_SetTurnaroundTime
                0x08004ee0      0x144 ./Drivers/STM32F4xx_HAL_Driver/Src/stm32f4xx_ll_usb.o
                0x08004ee0                USB_SetTurnaroundTime
 .text.USB_EnableGlobalInt
                0x08005024       0x22 ./Drivers/STM32F4xx_HAL_Driver/Src/stm32f4xx_ll_usb.o
                0x08005024                USB_EnableGlobalInt
 .text.USB_DisableGlobalInt
                0x08005046       0x22 ./Drivers/STM32F4xx_HAL_Driver/Src/stm32f4xx_ll_usb.o
                0x08005046                USB_DisableGlobalInt
 .text.USB_SetCurrentMode
                0x08005068       0x98 ./Drivers/STM32F4xx_HAL_Driver/Src/stm32f4xx_ll_usb.o
                0x08005068                USB_SetCurrentMode
 .text.USB_DevInit
                0x08005100      0x2c8 ./Drivers/STM32F4xx_HAL_Driver/Src/stm32f4xx_ll_usb.o
                0x08005100                USB_DevInit
 .text.USB_FlushTxFifo
                0x080053c8       0x64 ./Drivers/STM32F4xx_HAL_Driver/Src/stm32f4xx_ll_usb.o
                0x080053c8                USB_FlushTxFifo
 .text.USB_FlushRxFifo
                0x0800542c       0x5c ./Drivers/STM32F4xx_HAL_Driver/Src/stm32f4xx_ll_usb.o
                0x0800542c                USB_FlushRxFifo
 .text.USB_SetDevSpeed
                0x08005488       0x32 ./Drivers/STM32F4xx_HAL_Driver/Src/stm32f4xx_ll_usb.o
                0x08005488                USB_SetDevSpeed
 .text.USB_GetDevSpeed
                0x080054ba       0x4a ./Drivers/STM32F4xx_HAL_Driver/Src/stm32f4xx_ll_usb.o
                0x080054ba                USB_GetDevSpeed
 .text.USB_ActivateEndpoint
                0x08005504      0x10e ./Drivers/STM32F4xx_HAL_Driver/Src/stm32f4xx_ll_usb.o
                0x08005504                USB_ActivateEndpoint
 *fill*         0x08005612        0x2 
 .text.USB_DeactivateEndpoint
                0x08005614      0x1b8 ./Drivers/STM32F4xx_HAL_Driver/Src/stm32f4xx_ll_usb.o
                0x08005614                USB_DeactivateEndpoint
 .text.USB_EPStartXfer
                0x080057cc      0x530 ./Drivers/STM32F4xx_HAL_Driver/Src/stm32f4xx_ll_usb.o
                0x080057cc                USB_EPStartXfer
 .text.USB_EPStopXfer
                0x08005cfc      0x154 ./Drivers/STM32F4xx_HAL_Driver/Src/stm32f4xx_ll_usb.o
                0x08005cfc                USB_EPStopXfer
 .text.USB_WritePacket
                0x08005e50       0x7c ./Drivers/STM32F4xx_HAL_Driver/Src/stm32f4xx_ll_usb.o
                0x08005e50                USB_WritePacket
 .text.USB_ReadPacket
                0x08005ecc       0xb0 ./Drivers/STM32F4xx_HAL_Driver/Src/stm32f4xx_ll_usb.o
                0x08005ecc                USB_ReadPacket
 .text.USB_EPSetStall
                0x08005f7c       0xdc ./Drivers/STM32F4xx_HAL_Driver/Src/stm32f4xx_ll_usb.o
                0x08005f7c                USB_EPSetStall
 .text.USB_EPClearStall
                0x08006058       0xcc ./Drivers/STM32F4xx_HAL_Driver/Src/stm32f4xx_ll_usb.o
                0x08006058                USB_EPClearStall
 .text.USB_SetDevAddress
                0x08006124       0x4c ./Drivers/STM32F4xx_HAL_Driver/Src/stm32f4xx_ll_usb.o
                0x08006124                USB_SetDevAddress
 .text.USB_DevConnect
                0x08006170       0x42 ./Drivers/STM32F4xx_HAL_Driver/Src/stm32f4xx_ll_usb.o
                0x08006170                USB_DevConnect
 .text.USB_DevDisconnect
                0x080061b2       0x42 ./Drivers/STM32F4xx_HAL_Driver/Src/stm32f4xx_ll_usb.o
                0x080061b2                USB_DevDisconnect
 .text.USB_ReadInterrupts
                0x080061f4       0x26 ./Drivers/STM32F4xx_HAL_Driver/Src/stm32f4xx_ll_usb.o
                0x080061f4                USB_ReadInterrupts
 .text.USB_ReadDevAllOutEpInterrupt
                0x0800621a       0x34 ./Drivers/STM32F4xx_HAL_Driver/Src/stm32f4xx_ll_usb.o
                0x0800621a                USB_ReadDevAllOutEpInterrupt
 .text.USB_ReadDevAllInEpInterrupt
                0x0800624e       0x34 ./Drivers/STM32F4xx_HAL_Driver/Src/stm32f4xx_ll_usb.o
                0x0800624e                USB_ReadDevAllInEpInterrupt
 .text.USB_ReadDevOutEPInterrupt
                0x08006282       0x3c ./Drivers/STM32F4xx_HAL_Driver/Src/stm32f4xx_ll_usb.o
                0x08006282                USB_ReadDevOutEPInterrupt
 .text.USB_ReadDevInEPInterrupt
                0x080062be       0x5c ./Drivers/STM32F4xx_HAL_Driver/Src/stm32f4xx_ll_usb.o
                0x080062be                USB_ReadDevInEPInterrupt
 .text.USB_GetMode
                0x0800631a       0x1c ./Drivers/STM32F4xx_HAL_Driver/Src/stm32f4xx_ll_usb.o
                0x0800631a                USB_GetMode
 .text.USB_ActivateSetup
                0x08006336       0x46 ./Drivers/STM32F4xx_HAL_Driver/Src/stm32f4xx_ll_usb.o
                0x08006336                USB_ActivateSetup
 .text.USB_EP0_OutStart
                0x0800637c       0xbc ./Drivers/STM32F4xx_HAL_Driver/Src/stm32f4xx_ll_usb.o
                0x0800637c                USB_EP0_OutStart
 .text.USB_CoreReset
                0x08006438       0x62 ./Drivers/STM32F4xx_HAL_Driver/Src/stm32f4xx_ll_usb.o
 *fill*         0x0800649a        0x2 
 .text.USBD_CDC_Init
                0x0800649c      0x1f0 ./Middlewares/ST/STM32_USB_Device_Library/Class/CDC/Src/usbd_cdc.o
 .text.USBD_CDC_DeInit
                0x0800668c      0x104 ./Middlewares/ST/STM32_USB_Device_Library/Class/CDC/Src/usbd_cdc.o
 .text.USBD_CDC_Setup
                0x08006790      0x1b8 ./Middlewares/ST/STM32_USB_Device_Library/Class/CDC/Src/usbd_cdc.o
 .text.USBD_CDC_DataIn
                0x08006948       0xfe ./Middlewares/ST/STM32_USB_Device_Library/Class/CDC/Src/usbd_cdc.o
 .text.USBD_CDC_DataOut
                0x08006a46       0x70 ./Middlewares/ST/STM32_USB_Device_Library/Class/CDC/Src/usbd_cdc.o
 .text.USBD_CDC_EP0_RxReady
                0x08006ab6       0x74 ./Middlewares/ST/STM32_USB_Device_Library/Class/CDC/Src/usbd_cdc.o
 *fill*         0x08006b2a        0x2 
 .text.USBD_CDC_GetFSCfgDesc
                0x08006b2c       0x70 ./Middlewares/ST/STM32_USB_Device_Library/Class/CDC/Src/usbd_cdc.o
 .text.USBD_CDC_GetHSCfgDesc
                0x08006b9c       0x70 ./Middlewares/ST/STM32_USB_Device_Library/Class/CDC/Src/usbd_cdc.o
 .text.USBD_CDC_GetOtherSpeedCfgDesc
                0x08006c0c       0x70 ./Middlewares/ST/STM32_USB_Device_Library/Class/CDC/Src/usbd_cdc.o
 .text.USBD_CDC_GetDeviceQualifierDescriptor
                0x08006c7c       0x20 ./Middlewares/ST/STM32_USB_Device_Library/Class/CDC/Src/usbd_cdc.o
                0x08006c7c                USBD_CDC_GetDeviceQualifierDescriptor
 .text.USBD_CDC_RegisterInterface
                0x08006c9c       0x34 ./Middlewares/ST/STM32_USB_Device_Library/Class/CDC/Src/usbd_cdc.o
                0x08006c9c                USBD_CDC_RegisterInterface
 .text.USBD_CDC_SetTxBuffer
                0x08006cd0       0x44 ./Middlewares/ST/STM32_USB_Device_Library/Class/CDC/Src/usbd_cdc.o
                0x08006cd0                USBD_CDC_SetTxBuffer
 .text.USBD_CDC_SetRxBuffer
                0x08006d14       0x3a ./Middlewares/ST/STM32_USB_Device_Library/Class/CDC/Src/usbd_cdc.o
                0x08006d14                USBD_CDC_SetRxBuffer
 *fill*         0x08006d4e        0x2 
 .text.USBD_CDC_TransmitPacket
                0x08006d50       0x80 ./Middlewares/ST/STM32_USB_Device_Library/Class/CDC/Src/usbd_cdc.o
                0x08006d50                USBD_CDC_TransmitPacket
 .text.USBD_CDC_ReceivePacket
                0x08006dd0       0x6c ./Middlewares/ST/STM32_USB_Device_Library/Class/CDC/Src/usbd_cdc.o
                0x08006dd0                USBD_CDC_ReceivePacket
 .text.USBD_Init
                0x08006e3c       0x60 ./Middlewares/ST/STM32_USB_Device_Library/Core/Src/usbd_core.o
                0x08006e3c                USBD_Init
 .text.USBD_RegisterClass
                0x08006e9c       0x6c ./Middlewares/ST/STM32_USB_Device_Library/Core/Src/usbd_core.o
                0x08006e9c                USBD_RegisterClass
 .text.USBD_Start
                0x08006f08       0x18 ./Middlewares/ST/STM32_USB_Device_Library/Core/Src/usbd_core.o
                0x08006f08                USBD_Start
 .text.USBD_RunTestMode
                0x08006f20       0x16 ./Middlewares/ST/STM32_USB_Device_Library/Core/Src/usbd_core.o
                0x08006f20                USBD_RunTestMode
 .text.USBD_SetClassConfig
                0x08006f36       0x38 ./Middlewares/ST/STM32_USB_Device_Library/Core/Src/usbd_core.o
                0x08006f36                USBD_SetClassConfig
 .text.USBD_ClrClassConfig
                0x08006f6e       0x34 ./Middlewares/ST/STM32_USB_Device_Library/Core/Src/usbd_core.o
                0x08006f6e                USBD_ClrClassConfig
 .text.USBD_LL_SetupStage
                0x08006fa2       0xaa ./Middlewares/ST/STM32_USB_Device_Library/Core/Src/usbd_core.o
                0x08006fa2                USBD_LL_SetupStage
 .text.USBD_LL_DataOutStage
                0x0800704c      0x166 ./Middlewares/ST/STM32_USB_Device_Library/Core/Src/usbd_core.o
                0x0800704c                USBD_LL_DataOutStage
 .text.USBD_LL_DataInStage
                0x080071b2      0x164 ./Middlewares/ST/STM32_USB_Device_Library/Core/Src/usbd_core.o
                0x080071b2                USBD_LL_DataInStage
 .text.USBD_LL_Reset
                0x08007316       0xa4 ./Middlewares/ST/STM32_USB_Device_Library/Core/Src/usbd_core.o
                0x08007316                USBD_LL_Reset
 .text.USBD_LL_SetSpeed
                0x080073ba       0x20 ./Middlewares/ST/STM32_USB_Device_Library/Core/Src/usbd_core.o
                0x080073ba                USBD_LL_SetSpeed
 .text.USBD_LL_Suspend
                0x080073da       0x38 ./Middlewares/ST/STM32_USB_Device_Library/Core/Src/usbd_core.o
                0x080073da                USBD_LL_Suspend
 .text.USBD_LL_Resume
                0x08007412       0x30 ./Middlewares/ST/STM32_USB_Device_Library/Core/Src/usbd_core.o
                0x08007412                USBD_LL_Resume
 .text.USBD_LL_SOF
                0x08007442       0x40 ./Middlewares/ST/STM32_USB_Device_Library/Core/Src/usbd_core.o
                0x08007442                USBD_LL_SOF
 .text.USBD_LL_IsoINIncomplete
                0x08007482       0x64 ./Middlewares/ST/STM32_USB_Device_Library/Core/Src/usbd_core.o
                0x08007482                USBD_LL_IsoINIncomplete
 .text.USBD_LL_IsoOUTIncomplete
                0x080074e6       0x64 ./Middlewares/ST/STM32_USB_Device_Library/Core/Src/usbd_core.o
                0x080074e6                USBD_LL_IsoOUTIncomplete
 .text.USBD_LL_DevConnected
                0x0800754a       0x16 ./Middlewares/ST/STM32_USB_Device_Library/Core/Src/usbd_core.o
                0x0800754a                USBD_LL_DevConnected
 .text.USBD_LL_DevDisconnected
                0x08007560       0x46 ./Middlewares/ST/STM32_USB_Device_Library/Core/Src/usbd_core.o
                0x08007560                USBD_LL_DevDisconnected
 .text.USBD_CoreFindIF
                0x080075a6       0x1a ./Middlewares/ST/STM32_USB_Device_Library/Core/Src/usbd_core.o
                0x080075a6                USBD_CoreFindIF
 .text.USBD_CoreFindEP
                0x080075c0       0x1a ./Middlewares/ST/STM32_USB_Device_Library/Core/Src/usbd_core.o
                0x080075c0                USBD_CoreFindEP
 .text.USBD_GetEpDesc
                0x080075da       0x70 ./Middlewares/ST/STM32_USB_Device_Library/Core/Src/usbd_core.o
                0x080075da                USBD_GetEpDesc
 .text.USBD_GetNextDesc
                0x0800764a       0x38 ./Middlewares/ST/STM32_USB_Device_Library/Core/Src/usbd_core.o
                0x0800764a                USBD_GetNextDesc
 .text.SWAPBYTE
                0x08007682       0x3c ./Middlewares/ST/STM32_USB_Device_Library/Core/Src/usbd_ctlreq.o
 *fill*         0x080076be        0x2 
 .text.USBD_StdDevReq
                0x080076c0       0xe4 ./Middlewares/ST/STM32_USB_Device_Library/Core/Src/usbd_ctlreq.o
                0x080076c0                USBD_StdDevReq
 .text.USBD_StdItfReq
                0x080077a4       0xd8 ./Middlewares/ST/STM32_USB_Device_Library/Core/Src/usbd_ctlreq.o
                0x080077a4                USBD_StdItfReq
 .text.USBD_StdEPReq
                0x0800787c      0x33a ./Middlewares/ST/STM32_USB_Device_Library/Core/Src/usbd_ctlreq.o
                0x0800787c                USBD_StdEPReq
 *fill*         0x08007bb6        0x2 
 .text.USBD_GetDescriptor
                0x08007bb8      0x2d4 ./Middlewares/ST/STM32_USB_Device_Library/Core/Src/usbd_ctlreq.o
 .text.USBD_SetAddress
                0x08007e8c       0x88 ./Middlewares/ST/STM32_USB_Device_Library/Core/Src/usbd_ctlreq.o
 .text.USBD_SetConfig
                0x08007f14      0x154 ./Middlewares/ST/STM32_USB_Device_Library/Core/Src/usbd_ctlreq.o
 .text.USBD_GetConfig
                0x08008068       0x6c ./Middlewares/ST/STM32_USB_Device_Library/Core/Src/usbd_ctlreq.o
 .text.USBD_GetStatus
                0x080080d4       0x68 ./Middlewares/ST/STM32_USB_Device_Library/Core/Src/usbd_ctlreq.o
 .text.USBD_SetFeature
                0x0800813c       0x52 ./Middlewares/ST/STM32_USB_Device_Library/Core/Src/usbd_ctlreq.o
 .text.USBD_ClrFeature
                0x0800818e       0x44 ./Middlewares/ST/STM32_USB_Device_Library/Core/Src/usbd_ctlreq.o
 .text.USBD_ParseSetupRequest
                0x080081d2       0x74 ./Middlewares/ST/STM32_USB_Device_Library/Core/Src/usbd_ctlreq.o
                0x080081d2                USBD_ParseSetupRequest
 .text.USBD_CtlError
                0x08008246       0x22 ./Middlewares/ST/STM32_USB_Device_Library/Core/Src/usbd_ctlreq.o
                0x08008246                USBD_CtlError
 .text.USBD_GetString
                0x08008268       0x8c ./Middlewares/ST/STM32_USB_Device_Library/Core/Src/usbd_ctlreq.o
                0x08008268                USBD_GetString
 .text.USBD_GetLen
                0x080082f4       0x34 ./Middlewares/ST/STM32_USB_Device_Library/Core/Src/usbd_ctlreq.o
 .text.USBD_CtlSendData
                0x08008328       0x36 ./Middlewares/ST/STM32_USB_Device_Library/Core/Src/usbd_ioreq.o
                0x08008328                USBD_CtlSendData
 .text.USBD_CtlContinueSendData
                0x0800835e       0x22 ./Middlewares/ST/STM32_USB_Device_Library/Core/Src/usbd_ioreq.o
                0x0800835e                USBD_CtlContinueSendData
 .text.USBD_CtlPrepareRx
                0x08008380       0x3a ./Middlewares/ST/STM32_USB_Device_Library/Core/Src/usbd_ioreq.o
                0x08008380                USBD_CtlPrepareRx
 .text.USBD_CtlContinueRx
                0x080083ba       0x22 ./Middlewares/ST/STM32_USB_Device_Library/Core/Src/usbd_ioreq.o
                0x080083ba                USBD_CtlContinueRx
 .text.USBD_CtlSendStatus
                0x080083dc       0x26 ./Middlewares/ST/STM32_USB_Device_Library/Core/Src/usbd_ioreq.o
                0x080083dc                USBD_CtlSendStatus
 .text.USBD_CtlReceiveStatus
                0x08008402       0x26 ./Middlewares/ST/STM32_USB_Device_Library/Core/Src/usbd_ioreq.o
                0x08008402                USBD_CtlReceiveStatus
 .text.MX_USB_DEVICE_Init
                0x08008428       0x60 ./USB_DEVICE/App/usb_device.o
                0x08008428                MX_USB_DEVICE_Init
 .text.CDC_Init_FS
                0x08008488       0x28 ./USB_DEVICE/App/usbd_cdc_if.o
 .text.CDC_DeInit_FS
                0x080084b0       0x10 ./USB_DEVICE/App/usbd_cdc_if.o
 .text.CDC_Control_FS
                0x080084c0       0xbc ./USB_DEVICE/App/usbd_cdc_if.o
 .text.CDC_Receive_FS
                0x0800857c       0x28 ./USB_DEVICE/App/usbd_cdc_if.o
 .text.CDC_Transmit_FS
                0x080085a4       0x4c ./USB_DEVICE/App/usbd_cdc_if.o
                0x080085a4                CDC_Transmit_FS
 .text.CDC_TransmitCplt_FS
                0x080085f0       0x22 ./USB_DEVICE/App/usbd_cdc_if.o
 *fill*         0x08008612        0x2 
 .text.USBD_FS_DeviceDescriptor
                0x08008614       0x24 ./USB_DEVICE/App/usbd_desc.o
                0x08008614                USBD_FS_DeviceDescriptor
 .text.USBD_FS_LangIDStrDescriptor
                0x08008638       0x24 ./USB_DEVICE/App/usbd_desc.o
                0x08008638                USBD_FS_LangIDStrDescriptor
 .text.USBD_FS_ProductStrDescriptor
                0x0800865c       0x3c ./USB_DEVICE/App/usbd_desc.o
                0x0800865c                USBD_FS_ProductStrDescriptor
 .text.USBD_FS_ManufacturerStrDescriptor
                0x08008698       0x28 ./USB_DEVICE/App/usbd_desc.o
                0x08008698                USBD_FS_ManufacturerStrDescriptor
 .text.USBD_FS_SerialStrDescriptor
                0x080086c0       0x24 ./USB_DEVICE/App/usbd_desc.o
                0x080086c0                USBD_FS_SerialStrDescriptor
 .text.USBD_FS_ConfigStrDescriptor
                0x080086e4       0x3c ./USB_DEVICE/App/usbd_desc.o
                0x080086e4                USBD_FS_ConfigStrDescriptor
 .text.USBD_FS_InterfaceStrDescriptor
                0x08008720       0x3c ./USB_DEVICE/App/usbd_desc.o
                0x08008720                USBD_FS_InterfaceStrDescriptor
 .text.Get_SerialNum
                0x0800875c       0x58 ./USB_DEVICE/App/usbd_desc.o
 .text.IntToUnicode
                0x080087b4       0x7e ./USB_DEVICE/App/usbd_desc.o
 *fill*         0x08008832        0x2 
 .text.HAL_PCD_MspInit
                0x08008834       0xa8 ./USB_DEVICE/Target/usbd_conf.o
                0x08008834                HAL_PCD_MspInit
 .text.HAL_PCD_SetupStageCallback
                0x080088dc       0x24 ./USB_DEVICE/Target/usbd_conf.o
                0x080088dc                HAL_PCD_SetupStageCallback
 .text.HAL_PCD_DataOutStageCallback
                0x08008900       0x36 ./USB_DEVICE/Target/usbd_conf.o
                0x08008900                HAL_PCD_DataOutStageCallback
 .text.HAL_PCD_DataInStageCallback
                0x08008936       0x34 ./USB_DEVICE/Target/usbd_conf.o
                0x08008936                HAL_PCD_DataInStageCallback
 .text.HAL_PCD_SOFCallback
                0x0800896a       0x1c ./USB_DEVICE/Target/usbd_conf.o
                0x0800896a                HAL_PCD_SOFCallback
 .text.HAL_PCD_ResetCallback
                0x08008986       0x3c ./USB_DEVICE/Target/usbd_conf.o
                0x08008986                HAL_PCD_ResetCallback
 *fill*         0x080089c2        0x2 
 .text.HAL_PCD_SuspendCallback
                0x080089c4       0x4c ./USB_DEVICE/Target/usbd_conf.o
                0x080089c4                HAL_PCD_SuspendCallback
 .text.HAL_PCD_ResumeCallback
                0x08008a10       0x1c ./USB_DEVICE/Target/usbd_conf.o
                0x08008a10                HAL_PCD_ResumeCallback
 .text.HAL_PCD_ISOOUTIncompleteCallback
                0x08008a2c       0x24 ./USB_DEVICE/Target/usbd_conf.o
                0x08008a2c                HAL_PCD_ISOOUTIncompleteCallback
 .text.HAL_PCD_ISOINIncompleteCallback
                0x08008a50       0x24 ./USB_DEVICE/Target/usbd_conf.o
                0x08008a50                HAL_PCD_ISOINIncompleteCallback
 .text.HAL_PCD_ConnectCallback
                0x08008a74       0x1c ./USB_DEVICE/Target/usbd_conf.o
                0x08008a74                HAL_PCD_ConnectCallback
 .text.HAL_PCD_DisconnectCallback
                0x08008a90       0x1c ./USB_DEVICE/Target/usbd_conf.o
                0x08008a90                HAL_PCD_DisconnectCallback
 .text.USBD_LL_Init
                0x08008aac       0x98 ./USB_DEVICE/Target/usbd_conf.o
                0x08008aac                USBD_LL_Init
 .text.USBD_LL_Start
                0x08008b44       0x36 ./USB_DEVICE/Target/usbd_conf.o
                0x08008b44                USBD_LL_Start
 .text.USBD_LL_OpenEP
                0x08008b7a       0x4c ./USB_DEVICE/Target/usbd_conf.o
                0x08008b7a                USBD_LL_OpenEP
 .text.USBD_LL_CloseEP
                0x08008bc6       0x3e ./USB_DEVICE/Target/usbd_conf.o
                0x08008bc6                USBD_LL_CloseEP
 .text.USBD_LL_StallEP
                0x08008c04       0x3e ./USB_DEVICE/Target/usbd_conf.o
                0x08008c04                USBD_LL_StallEP
 .text.USBD_LL_ClearStallEP
                0x08008c42       0x3e ./USB_DEVICE/Target/usbd_conf.o
                0x08008c42                USBD_LL_ClearStallEP
 .text.USBD_LL_IsStallEP
                0x08008c80       0x58 ./USB_DEVICE/Target/usbd_conf.o
                0x08008c80                USBD_LL_IsStallEP
 .text.USBD_LL_SetUSBAddress
                0x08008cd8       0x3e ./USB_DEVICE/Target/usbd_conf.o
                0x08008cd8                USBD_LL_SetUSBAddress
 .text.USBD_LL_Transmit
                0x08008d16       0x42 ./USB_DEVICE/Target/usbd_conf.o
                0x08008d16                USBD_LL_Transmit
 .text.USBD_LL_PrepareReceive
                0x08008d58       0x42 ./USB_DEVICE/Target/usbd_conf.o
                0x08008d58                USBD_LL_PrepareReceive
 .text.USBD_LL_GetRxDataSize
                0x08008d9a       0x26 ./USB_DEVICE/Target/usbd_conf.o
                0x08008d9a                USBD_LL_GetRxDataSize
 .text.USBD_static_malloc
                0x08008dc0       0x1c ./USB_DEVICE/Target/usbd_conf.o
                0x08008dc0                USBD_static_malloc
 .text.USBD_static_free
                0x08008ddc       0x14 ./USB_DEVICE/Target/usbd_conf.o
                0x08008ddc                USBD_static_free
 .text.USBD_Get_USB_Status
                0x08008df0       0x58 ./USB_DEVICE/Target/usbd_conf.o
                0x08008df0                USBD_Get_USB_Status
 .text.std      0x08008e48       0x6c C:/ST/STM32CubeIDE_1.14.1/STM32CubeIDE/plugins/com.st.stm32cube.ide.mcu.externaltools.gnu-tools-for-stm32.12.3.rel1.win32_1.0.100.202403111256/tools/bin/../lib/gcc/arm-none-eabi/12.3.1/../../../../arm-none-eabi/lib/thumb/v7e-m+fp/hard\libc.a(libc_a-findfp.o)
 .text.stdio_exit_handler
                0x08008eb4       0x18 C:/ST/STM32CubeIDE_1.14.1/STM32CubeIDE/plugins/com.st.stm32cube.ide.mcu.externaltools.gnu-tools-for-stm32.12.3.rel1.win32_1.0.100.202403111256/tools/bin/../lib/gcc/arm-none-eabi/12.3.1/../../../../arm-none-eabi/lib/thumb/v7e-m+fp/hard\libc.a(libc_a-findfp.o)
 .text.cleanup_stdio
                0x08008ecc       0x40 C:/ST/STM32CubeIDE_1.14.1/STM32CubeIDE/plugins/com.st.stm32cube.ide.mcu.externaltools.gnu-tools-for-stm32.12.3.rel1.win32_1.0.100.202403111256/tools/bin/../lib/gcc/arm-none-eabi/12.3.1/../../../../arm-none-eabi/lib/thumb/v7e-m+fp/hard\libc.a(libc_a-findfp.o)
 .text.global_stdio_init.part.0
                0x08008f0c       0x3c C:/ST/STM32CubeIDE_1.14.1/STM32CubeIDE/plugins/com.st.stm32cube.ide.mcu.externaltools.gnu-tools-for-stm32.12.3.rel1.win32_1.0.100.202403111256/tools/bin/../lib/gcc/arm-none-eabi/12.3.1/../../../../arm-none-eabi/lib/thumb/v7e-m+fp/hard\libc.a(libc_a-findfp.o)
 .text.__sfp_lock_acquire
                0x08008f48        0xc C:/ST/STM32CubeIDE_1.14.1/STM32CubeIDE/plugins/com.st.stm32cube.ide.mcu.externaltools.gnu-tools-for-stm32.12.3.rel1.win32_1.0.100.202403111256/tools/bin/../lib/gcc/arm-none-eabi/12.3.1/../../../../arm-none-eabi/lib/thumb/v7e-m+fp/hard\libc.a(libc_a-findfp.o)
                0x08008f48                __sfp_lock_acquire
 .text.__sfp_lock_release
                0x08008f54        0xc C:/ST/STM32CubeIDE_1.14.1/STM32CubeIDE/plugins/com.st.stm32cube.ide.mcu.externaltools.gnu-tools-for-stm32.12.3.rel1.win32_1.0.100.202403111256/tools/bin/../lib/gcc/arm-none-eabi/12.3.1/../../../../arm-none-eabi/lib/thumb/v7e-m+fp/hard\libc.a(libc_a-findfp.o)
                0x08008f54                __sfp_lock_release
 .text.__sinit  0x08008f60       0x30 C:/ST/STM32CubeIDE_1.14.1/STM32CubeIDE/plugins/com.st.stm32cube.ide.mcu.externaltools.gnu-tools-for-stm32.12.3.rel1.win32_1.0.100.202403111256/tools/bin/../lib/gcc/arm-none-eabi/12.3.1/../../../../arm-none-eabi/lib/thumb/v7e-m+fp/hard\libc.a(libc_a-findfp.o)
                0x08008f60                __sinit
 .text._fwalk_sglue
                0x08008f90       0x3c C:/ST/STM32CubeIDE_1.14.1/STM32CubeIDE/plugins/com.st.stm32cube.ide.mcu.externaltools.gnu-tools-for-stm32.12.3.rel1.win32_1.0.100.202403111256/tools/bin/../lib/gcc/arm-none-eabi/12.3.1/../../../../arm-none-eabi/lib/thumb/v7e-m+fp/hard\libc.a(libc_a-fwalk.o)
                0x08008f90                _fwalk_sglue
 .text.sprintf  0x08008fcc       0x40 C:/ST/STM32CubeIDE_1.14.1/STM32CubeIDE/plugins/com.st.stm32cube.ide.mcu.externaltools.gnu-tools-for-stm32.12.3.rel1.win32_1.0.100.202403111256/tools/bin/../lib/gcc/arm-none-eabi/12.3.1/../../../../arm-none-eabi/lib/thumb/v7e-m+fp/hard\libc.a(libc_a-sprintf.o)
                0x08008fcc                sprintf
 .text.__sread  0x0800900c       0x22 C:/ST/STM32CubeIDE_1.14.1/STM32CubeIDE/plugins/com.st.stm32cube.ide.mcu.externaltools.gnu-tools-for-stm32.12.3.rel1.win32_1.0.100.202403111256/tools/bin/../lib/gcc/arm-none-eabi/12.3.1/../../../../arm-none-eabi/lib/thumb/v7e-m+fp/hard\libc.a(libc_a-stdio.o)
                0x0800900c                __sread
 .text.__swrite
                0x0800902e       0x38 C:/ST/STM32CubeIDE_1.14.1/STM32CubeIDE/plugins/com.st.stm32cube.ide.mcu.externaltools.gnu-tools-for-stm32.12.3.rel1.win32_1.0.100.202403111256/tools/bin/../lib/gcc/arm-none-eabi/12.3.1/../../../../arm-none-eabi/lib/thumb/v7e-m+fp/hard\libc.a(libc_a-stdio.o)
                0x0800902e                __swrite
 .text.__sseek  0x08009066       0x24 C:/ST/STM32CubeIDE_1.14.1/STM32CubeIDE/plugins/com.st.stm32cube.ide.mcu.externaltools.gnu-tools-for-stm32.12.3.rel1.win32_1.0.100.202403111256/tools/bin/../lib/gcc/arm-none-eabi/12.3.1/../../../../arm-none-eabi/lib/thumb/v7e-m+fp/hard\libc.a(libc_a-stdio.o)
                0x08009066                __sseek
 .text.__sclose
                0x0800908a        0x8 C:/ST/STM32CubeIDE_1.14.1/STM32CubeIDE/plugins/com.st.stm32cube.ide.mcu.externaltools.gnu-tools-for-stm32.12.3.rel1.win32_1.0.100.202403111256/tools/bin/../lib/gcc/arm-none-eabi/12.3.1/../../../../arm-none-eabi/lib/thumb/v7e-m+fp/hard\libc.a(libc_a-stdio.o)
                0x0800908a                __sclose
 .text.memset   0x08009092       0x10 C:/ST/STM32CubeIDE_1.14.1/STM32CubeIDE/plugins/com.st.stm32cube.ide.mcu.externaltools.gnu-tools-for-stm32.12.3.rel1.win32_1.0.100.202403111256/tools/bin/../lib/gcc/arm-none-eabi/12.3.1/../../../../arm-none-eabi/lib/thumb/v7e-m+fp/hard\libc.a(libc_a-memset.o)
                0x08009092                memset
 *fill*         0x080090a2        0x2 
 .text._close_r
                0x080090a4       0x20 C:/ST/STM32CubeIDE_1.14.1/STM32CubeIDE/plugins/com.st.stm32cube.ide.mcu.externaltools.gnu-tools-for-stm32.12.3.rel1.win32_1.0.100.202403111256/tools/bin/../lib/gcc/arm-none-eabi/12.3.1/../../../../arm-none-eabi/lib/thumb/v7e-m+fp/hard\libc.a(libc_a-closer.o)
                0x080090a4                _close_r
 .text._lseek_r
                0x080090c4       0x24 C:/ST/STM32CubeIDE_1.14.1/STM32CubeIDE/plugins/com.st.stm32cube.ide.mcu.externaltools.gnu-tools-for-stm32.12.3.rel1.win32_1.0.100.202403111256/tools/bin/../lib/gcc/arm-none-eabi/12.3.1/../../../../arm-none-eabi/lib/thumb/v7e-m+fp/hard\libc.a(libc_a-lseekr.o)
                0x080090c4                _lseek_r
 .text._read_r  0x080090e8       0x24 C:/ST/STM32CubeIDE_1.14.1/STM32CubeIDE/plugins/com.st.stm32cube.ide.mcu.externaltools.gnu-tools-for-stm32.12.3.rel1.win32_1.0.100.202403111256/tools/bin/../lib/gcc/arm-none-eabi/12.3.1/../../../../arm-none-eabi/lib/thumb/v7e-m+fp/hard\libc.a(libc_a-readr.o)
                0x080090e8                _read_r
 .text._write_r
                0x0800910c       0x24 C:/ST/STM32CubeIDE_1.14.1/STM32CubeIDE/plugins/com.st.stm32cube.ide.mcu.externaltools.gnu-tools-for-stm32.12.3.rel1.win32_1.0.100.202403111256/tools/bin/../lib/gcc/arm-none-eabi/12.3.1/../../../../arm-none-eabi/lib/thumb/v7e-m+fp/hard\libc.a(libc_a-writer.o)
                0x0800910c                _write_r
 .text.__errno  0x08009130        0xc C:/ST/STM32CubeIDE_1.14.1/STM32CubeIDE/plugins/com.st.stm32cube.ide.mcu.externaltools.gnu-tools-for-stm32.12.3.rel1.win32_1.0.100.202403111256/tools/bin/../lib/gcc/arm-none-eabi/12.3.1/../../../../arm-none-eabi/lib/thumb/v7e-m+fp/hard\libc.a(libc_a-errno.o)
                0x08009130                __errno
 .text.__libc_init_array
                0x0800913c       0x48 C:/ST/STM32CubeIDE_1.14.1/STM32CubeIDE/plugins/com.st.stm32cube.ide.mcu.externaltools.gnu-tools-for-stm32.12.3.rel1.win32_1.0.100.202403111256/tools/bin/../lib/gcc/arm-none-eabi/12.3.1/../../../../arm-none-eabi/lib/thumb/v7e-m+fp/hard\libc.a(libc_a-init.o)
                0x0800913c                __libc_init_array
 .text.__retarget_lock_init_recursive
                0x08009184        0x2 C:/ST/STM32CubeIDE_1.14.1/STM32CubeIDE/plugins/com.st.stm32cube.ide.mcu.externaltools.gnu-tools-for-stm32.12.3.rel1.win32_1.0.100.202403111256/tools/bin/../lib/gcc/arm-none-eabi/12.3.1/../../../../arm-none-eabi/lib/thumb/v7e-m+fp/hard\libc.a(libc_a-lock.o)
                0x08009184                __retarget_lock_init_recursive
 .text.__retarget_lock_close_recursive
                0x08009186        0x2 C:/ST/STM32CubeIDE_1.14.1/STM32CubeIDE/plugins/com.st.stm32cube.ide.mcu.externaltools.gnu-tools-for-stm32.12.3.rel1.win32_1.0.100.202403111256/tools/bin/../lib/gcc/arm-none-eabi/12.3.1/../../../../arm-none-eabi/lib/thumb/v7e-m+fp/hard\libc.a(libc_a-lock.o)
                0x08009186                __retarget_lock_close_recursive
 .text.__retarget_lock_acquire_recursive
                0x08009188        0x2 C:/ST/STM32CubeIDE_1.14.1/STM32CubeIDE/plugins/com.st.stm32cube.ide.mcu.externaltools.gnu-tools-for-stm32.12.3.rel1.win32_1.0.100.202403111256/tools/bin/../lib/gcc/arm-none-eabi/12.3.1/../../../../arm-none-eabi/lib/thumb/v7e-m+fp/hard\libc.a(libc_a-lock.o)
                0x08009188                __retarget_lock_acquire_recursive
 .text.__retarget_lock_release_recursive
                0x0800918a        0x2 C:/ST/STM32CubeIDE_1.14.1/STM32CubeIDE/plugins/com.st.stm32cube.ide.mcu.externaltools.gnu-tools-for-stm32.12.3.rel1.win32_1.0.100.202403111256/tools/bin/../lib/gcc/arm-none-eabi/12.3.1/../../../../arm-none-eabi/lib/thumb/v7e-m+fp/hard\libc.a(libc_a-lock.o)
                0x0800918a                __retarget_lock_release_recursive
 .text.startup.register_fini
                0x0800918c       0x14 C:/ST/STM32CubeIDE_1.14.1/STM32CubeIDE/plugins/com.st.stm32cube.ide.mcu.externaltools.gnu-tools-for-stm32.12.3.rel1.win32_1.0.100.202403111256/tools/bin/../lib/gcc/arm-none-eabi/12.3.1/../../../../arm-none-eabi/lib/thumb/v7e-m+fp/hard\libc.a(libc_a-__call_atexit.o)
 .text.atexit   0x080091a0        0xc C:/ST/STM32CubeIDE_1.14.1/STM32CubeIDE/plugins/com.st.stm32cube.ide.mcu.externaltools.gnu-tools-for-stm32.12.3.rel1.win32_1.0.100.202403111256/tools/bin/../lib/gcc/arm-none-eabi/12.3.1/../../../../arm-none-eabi/lib/thumb/v7e-m+fp/hard\libc.a(libc_a-atexit.o)
                0x080091a0                atexit
 .text._malloc_trim_r
                0x080091ac       0xac C:/ST/STM32CubeIDE_1.14.1/STM32CubeIDE/plugins/com.st.stm32cube.ide.mcu.externaltools.gnu-tools-for-stm32.12.3.rel1.win32_1.0.100.202403111256/tools/bin/../lib/gcc/arm-none-eabi/12.3.1/../../../../arm-none-eabi/lib/thumb/v7e-m+fp/hard\libc.a(libc_a-freer.o)
                0x080091ac                _malloc_trim_r
 .text._free_r  0x08009258      0x180 C:/ST/STM32CubeIDE_1.14.1/STM32CubeIDE/plugins/com.st.stm32cube.ide.mcu.externaltools.gnu-tools-for-stm32.12.3.rel1.win32_1.0.100.202403111256/tools/bin/../lib/gcc/arm-none-eabi/12.3.1/../../../../arm-none-eabi/lib/thumb/v7e-m+fp/hard\libc.a(libc_a-freer.o)
                0x08009258                _free_r
 .text._malloc_r
                0x080093d8      0x474 C:/ST/STM32CubeIDE_1.14.1/STM32CubeIDE/plugins/com.st.stm32cube.ide.mcu.externaltools.gnu-tools-for-stm32.12.3.rel1.win32_1.0.100.202403111256/tools/bin/../lib/gcc/arm-none-eabi/12.3.1/../../../../arm-none-eabi/lib/thumb/v7e-m+fp/hard\libc.a(libc_a-mallocr.o)
                0x080093d8                _malloc_r
 .text.__malloc_lock
                0x0800984c        0xc C:/ST/STM32CubeIDE_1.14.1/STM32CubeIDE/plugins/com.st.stm32cube.ide.mcu.externaltools.gnu-tools-for-stm32.12.3.rel1.win32_1.0.100.202403111256/tools/bin/../lib/gcc/arm-none-eabi/12.3.1/../../../../arm-none-eabi/lib/thumb/v7e-m+fp/hard\libc.a(libc_a-mlock.o)
                0x0800984c                __malloc_lock
 .text.__malloc_unlock
                0x08009858        0xc C:/ST/STM32CubeIDE_1.14.1/STM32CubeIDE/plugins/com.st.stm32cube.ide.mcu.externaltools.gnu-tools-for-stm32.12.3.rel1.win32_1.0.100.202403111256/tools/bin/../lib/gcc/arm-none-eabi/12.3.1/../../../../arm-none-eabi/lib/thumb/v7e-m+fp/hard\libc.a(libc_a-mlock.o)
                0x08009858                __malloc_unlock
 *fill*         0x08009864        0x4 
 .text._svfprintf_r
                0x08009868     0x13bc C:/ST/STM32CubeIDE_1.14.1/STM32CubeIDE/plugins/com.st.stm32cube.ide.mcu.externaltools.gnu-tools-for-stm32.12.3.rel1.win32_1.0.100.202403111256/tools/bin/../lib/gcc/arm-none-eabi/12.3.1/../../../../arm-none-eabi/lib/thumb/v7e-m+fp/hard\libc.a(libc_a-svfprintf.o)
                0x08009868                _svfprintf_r
 .text._fclose_r
                0x0800ac24       0xaa C:/ST/STM32CubeIDE_1.14.1/STM32CubeIDE/plugins/com.st.stm32cube.ide.mcu.externaltools.gnu-tools-for-stm32.12.3.rel1.win32_1.0.100.202403111256/tools/bin/../lib/gcc/arm-none-eabi/12.3.1/../../../../arm-none-eabi/lib/thumb/v7e-m+fp/hard\libc.a(libc_a-fclose.o)
                0x0800ac24                _fclose_r
 *fill*         0x0800acce        0x2 
 .text.__sflush_r
                0x0800acd0      0x110 C:/ST/STM32CubeIDE_1.14.1/STM32CubeIDE/plugins/com.st.stm32cube.ide.mcu.externaltools.gnu-tools-for-stm32.12.3.rel1.win32_1.0.100.202403111256/tools/bin/../lib/gcc/arm-none-eabi/12.3.1/../../../../arm-none-eabi/lib/thumb/v7e-m+fp/hard\libc.a(libc_a-fflush.o)
                0x0800acd0                __sflush_r
 .text._fflush_r
                0x0800ade0       0x4a C:/ST/STM32CubeIDE_1.14.1/STM32CubeIDE/plugins/com.st.stm32cube.ide.mcu.externaltools.gnu-tools-for-stm32.12.3.rel1.win32_1.0.100.202403111256/tools/bin/../lib/gcc/arm-none-eabi/12.3.1/../../../../arm-none-eabi/lib/thumb/v7e-m+fp/hard\libc.a(libc_a-fflush.o)
                0x0800ade0                _fflush_r
 .text.strncpy  0x0800ae2a       0x26 C:/ST/STM32CubeIDE_1.14.1/STM32CubeIDE/plugins/com.st.stm32cube.ide.mcu.externaltools.gnu-tools-for-stm32.12.3.rel1.win32_1.0.100.202403111256/tools/bin/../lib/gcc/arm-none-eabi/12.3.1/../../../../arm-none-eabi/lib/thumb/v7e-m+fp/hard\libc.a(libc_a-strncpy.o)
                0x0800ae2a                strncpy
 .text._localeconv_r
                0x0800ae50        0x8 C:/ST/STM32CubeIDE_1.14.1/STM32CubeIDE/plugins/com.st.stm32cube.ide.mcu.externaltools.gnu-tools-for-stm32.12.3.rel1.win32_1.0.100.202403111256/tools/bin/../lib/gcc/arm-none-eabi/12.3.1/../../../../arm-none-eabi/lib/thumb/v7e-m+fp/hard\libc.a(libc_a-localeconv.o)
                0x0800ae50                _localeconv_r
 .text._sbrk_r  0x0800ae58       0x20 C:/ST/STM32CubeIDE_1.14.1/STM32CubeIDE/plugins/com.st.stm32cube.ide.mcu.externaltools.gnu-tools-for-stm32.12.3.rel1.win32_1.0.100.202403111256/tools/bin/../lib/gcc/arm-none-eabi/12.3.1/../../../../arm-none-eabi/lib/thumb/v7e-m+fp/hard\libc.a(libc_a-sbrkr.o)
                0x0800ae58                _sbrk_r
 .text.__libc_fini_array
                0x0800ae78       0x28 C:/ST/STM32CubeIDE_1.14.1/STM32CubeIDE/plugins/com.st.stm32cube.ide.mcu.externaltools.gnu-tools-for-stm32.12.3.rel1.win32_1.0.100.202403111256/tools/bin/../lib/gcc/arm-none-eabi/12.3.1/../../../../arm-none-eabi/lib/thumb/v7e-m+fp/hard\libc.a(libc_a-fini.o)
                0x0800ae78                __libc_fini_array
 .text.sysconf  0x0800aea0       0x18 C:/ST/STM32CubeIDE_1.14.1/STM32CubeIDE/plugins/com.st.stm32cube.ide.mcu.externaltools.gnu-tools-for-stm32.12.3.rel1.win32_1.0.100.202403111256/tools/bin/../lib/gcc/arm-none-eabi/12.3.1/../../../../arm-none-eabi/lib/thumb/v7e-m+fp/hard\libc.a(libc_a-sysconf.o)
                0x0800aea0                sysconf
 .text.frexp    0x0800aeb8       0x6c C:/ST/STM32CubeIDE_1.14.1/STM32CubeIDE/plugins/com.st.stm32cube.ide.mcu.externaltools.gnu-tools-for-stm32.12.3.rel1.win32_1.0.100.202403111256/tools/bin/../lib/gcc/arm-none-eabi/12.3.1/../../../../arm-none-eabi/lib/thumb/v7e-m+fp/hard\libc.a(libm_a-s_frexp.o)
                0x0800aeb8                frexp
 .text.__register_exitproc
                0x0800af24       0x80 C:/ST/STM32CubeIDE_1.14.1/STM32CubeIDE/plugins/com.st.stm32cube.ide.mcu.externaltools.gnu-tools-for-stm32.12.3.rel1.win32_1.0.100.202403111256/tools/bin/../lib/gcc/arm-none-eabi/12.3.1/../../../../arm-none-eabi/lib/thumb/v7e-m+fp/hard\libc.a(libc_a-__atexit.o)
                0x0800af24                __register_exitproc
 .text.quorem   0x0800afa4      0x110 C:/ST/STM32CubeIDE_1.14.1/STM32CubeIDE/plugins/com.st.stm32cube.ide.mcu.externaltools.gnu-tools-for-stm32.12.3.rel1.win32_1.0.100.202403111256/tools/bin/../lib/gcc/arm-none-eabi/12.3.1/../../../../arm-none-eabi/lib/thumb/v7e-m+fp/hard\libc.a(libc_a-dtoa.o)
 *fill*         0x0800b0b4        0x4 
 .text._dtoa_r  0x0800b0b8      0xb58 C:/ST/STM32CubeIDE_1.14.1/STM32CubeIDE/plugins/com.st.stm32cube.ide.mcu.externaltools.gnu-tools-for-stm32.12.3.rel1.win32_1.0.100.202403111256/tools/bin/../lib/gcc/arm-none-eabi/12.3.1/../../../../arm-none-eabi/lib/thumb/v7e-m+fp/hard\libc.a(libc_a-dtoa.o)
                0x0800b0b8                _dtoa_r
 .text._Balloc  0x0800bc10       0x4a C:/ST/STM32CubeIDE_1.14.1/STM32CubeIDE/plugins/com.st.stm32cube.ide.mcu.externaltools.gnu-tools-for-stm32.12.3.rel1.win32_1.0.100.202403111256/tools/bin/../lib/gcc/arm-none-eabi/12.3.1/../../../../arm-none-eabi/lib/thumb/v7e-m+fp/hard\libc.a(libc_a-mprec.o)
                0x0800bc10                _Balloc
 .text._Bfree   0x0800bc5a       0x12 C:/ST/STM32CubeIDE_1.14.1/STM32CubeIDE/plugins/com.st.stm32cube.ide.mcu.externaltools.gnu-tools-for-stm32.12.3.rel1.win32_1.0.100.202403111256/tools/bin/../lib/gcc/arm-none-eabi/12.3.1/../../../../arm-none-eabi/lib/thumb/v7e-m+fp/hard\libc.a(libc_a-mprec.o)
                0x0800bc5a                _Bfree
 .text.__multadd
                0x0800bc6c       0x8c C:/ST/STM32CubeIDE_1.14.1/STM32CubeIDE/plugins/com.st.stm32cube.ide.mcu.externaltools.gnu-tools-for-stm32.12.3.rel1.win32_1.0.100.202403111256/tools/bin/../lib/gcc/arm-none-eabi/12.3.1/../../../../arm-none-eabi/lib/thumb/v7e-m+fp/hard\libc.a(libc_a-mprec.o)
                0x0800bc6c                __multadd
 .text.__hi0bits
                0x0800bcf8       0x3e C:/ST/STM32CubeIDE_1.14.1/STM32CubeIDE/plugins/com.st.stm32cube.ide.mcu.externaltools.gnu-tools-for-stm32.12.3.rel1.win32_1.0.100.202403111256/tools/bin/../lib/gcc/arm-none-eabi/12.3.1/../../../../arm-none-eabi/lib/thumb/v7e-m+fp/hard\libc.a(libc_a-mprec.o)
                0x0800bcf8                __hi0bits
 .text.__lo0bits
                0x0800bd36       0x5a C:/ST/STM32CubeIDE_1.14.1/STM32CubeIDE/plugins/com.st.stm32cube.ide.mcu.externaltools.gnu-tools-for-stm32.12.3.rel1.win32_1.0.100.202403111256/tools/bin/../lib/gcc/arm-none-eabi/12.3.1/../../../../arm-none-eabi/lib/thumb/v7e-m+fp/hard\libc.a(libc_a-mprec.o)
                0x0800bd36                __lo0bits
 .text.__i2b    0x0800bd90       0x2c C:/ST/STM32CubeIDE_1.14.1/STM32CubeIDE/plugins/com.st.stm32cube.ide.mcu.externaltools.gnu-tools-for-stm32.12.3.rel1.win32_1.0.100.202403111256/tools/bin/../lib/gcc/arm-none-eabi/12.3.1/../../../../arm-none-eabi/lib/thumb/v7e-m+fp/hard\libc.a(libc_a-mprec.o)
                0x0800bd90                __i2b
 .text.__multiply
                0x0800bdbc      0x154 C:/ST/STM32CubeIDE_1.14.1/STM32CubeIDE/plugins/com.st.stm32cube.ide.mcu.externaltools.gnu-tools-for-stm32.12.3.rel1.win32_1.0.100.202403111256/tools/bin/../lib/gcc/arm-none-eabi/12.3.1/../../../../arm-none-eabi/lib/thumb/v7e-m+fp/hard\libc.a(libc_a-mprec.o)
                0x0800bdbc                __multiply
 .text.__pow5mult
                0x0800bf10       0x80 C:/ST/STM32CubeIDE_1.14.1/STM32CubeIDE/plugins/com.st.stm32cube.ide.mcu.externaltools.gnu-tools-for-stm32.12.3.rel1.win32_1.0.100.202403111256/tools/bin/../lib/gcc/arm-none-eabi/12.3.1/../../../../arm-none-eabi/lib/thumb/v7e-m+fp/hard\libc.a(libc_a-mprec.o)
                0x0800bf10                __pow5mult
 .text.__lshift
                0x0800bf90       0xd8 C:/ST/STM32CubeIDE_1.14.1/STM32CubeIDE/plugins/com.st.stm32cube.ide.mcu.externaltools.gnu-tools-for-stm32.12.3.rel1.win32_1.0.100.202403111256/tools/bin/../lib/gcc/arm-none-eabi/12.3.1/../../../../arm-none-eabi/lib/thumb/v7e-m+fp/hard\libc.a(libc_a-mprec.o)
                0x0800bf90                __lshift
 .text.__mcmp   0x0800c068       0x36 C:/ST/STM32CubeIDE_1.14.1/STM32CubeIDE/plugins/com.st.stm32cube.ide.mcu.externaltools.gnu-tools-for-stm32.12.3.rel1.win32_1.0.100.202403111256/tools/bin/../lib/gcc/arm-none-eabi/12.3.1/../../../../arm-none-eabi/lib/thumb/v7e-m+fp/hard\libc.a(libc_a-mprec.o)
                0x0800c068                __mcmp
 *fill*         0x0800c09e        0x2 
 .text.__mdiff  0x0800c0a0      0x128 C:/ST/STM32CubeIDE_1.14.1/STM32CubeIDE/plugins/com.st.stm32cube.ide.mcu.externaltools.gnu-tools-for-stm32.12.3.rel1.win32_1.0.100.202403111256/tools/bin/../lib/gcc/arm-none-eabi/12.3.1/../../../../arm-none-eabi/lib/thumb/v7e-m+fp/hard\libc.a(libc_a-mprec.o)
                0x0800c0a0                __mdiff
 .text.__d2b    0x0800c1c8       0xb0 C:/ST/STM32CubeIDE_1.14.1/STM32CubeIDE/plugins/com.st.stm32cube.ide.mcu.externaltools.gnu-tools-for-stm32.12.3.rel1.win32_1.0.100.202403111256/tools/bin/../lib/gcc/arm-none-eabi/12.3.1/../../../../arm-none-eabi/lib/thumb/v7e-m+fp/hard\libc.a(libc_a-mprec.o)
                0x0800c1c8                __d2b
 .text.__ssprint_r
                0x0800c278       0xfa C:/ST/STM32CubeIDE_1.14.1/STM32CubeIDE/plugins/com.st.stm32cube.ide.mcu.externaltools.gnu-tools-for-stm32.12.3.rel1.win32_1.0.100.202403111256/tools/bin/../lib/gcc/arm-none-eabi/12.3.1/../../../../arm-none-eabi/lib/thumb/v7e-m+fp/hard\libc.a(libc_a-svfiprintf.o)
                0x0800c278                __ssprint_r
 .text.memmove  0x0800c372       0x34 C:/ST/STM32CubeIDE_1.14.1/STM32CubeIDE/plugins/com.st.stm32cube.ide.mcu.externaltools.gnu-tools-for-stm32.12.3.rel1.win32_1.0.100.202403111256/tools/bin/../lib/gcc/arm-none-eabi/12.3.1/../../../../arm-none-eabi/lib/thumb/v7e-m+fp/hard\libc.a(libc_a-memmove.o)
                0x0800c372                memmove
 *fill*         0x0800c3a6        0x2 
 .text.__locale_mb_cur_max
                0x0800c3a8        0xc C:/ST/STM32CubeIDE_1.14.1/STM32CubeIDE/plugins/com.st.stm32cube.ide.mcu.externaltools.gnu-tools-for-stm32.12.3.rel1.win32_1.0.100.202403111256/tools/bin/../lib/gcc/arm-none-eabi/12.3.1/../../../../arm-none-eabi/lib/thumb/v7e-m+fp/hard\libc.a(libc_a-locale.o)
                0x0800c3a8                __locale_mb_cur_max
 .text.memcpy   0x0800c3b4       0x1c C:/ST/STM32CubeIDE_1.14.1/STM32CubeIDE/plugins/com.st.stm32cube.ide.mcu.externaltools.gnu-tools-for-stm32.12.3.rel1.win32_1.0.100.202403111256/tools/bin/../lib/gcc/arm-none-eabi/12.3.1/../../../../arm-none-eabi/lib/thumb/v7e-m+fp/hard\libc.a(libc_a-memcpy-stub.o)
                0x0800c3b4                memcpy
 .text.__assert_func
                0x0800c3d0       0x3c C:/ST/STM32CubeIDE_1.14.1/STM32CubeIDE/plugins/com.st.stm32cube.ide.mcu.externaltools.gnu-tools-for-stm32.12.3.rel1.win32_1.0.100.202403111256/tools/bin/../lib/gcc/arm-none-eabi/12.3.1/../../../../arm-none-eabi/lib/thumb/v7e-m+fp/hard\libc.a(libc_a-assert.o)
                0x0800c3d0                __assert_func
 .text._calloc_r
                0x0800c40c       0x6a C:/ST/STM32CubeIDE_1.14.1/STM32CubeIDE/plugins/com.st.stm32cube.ide.mcu.externaltools.gnu-tools-for-stm32.12.3.rel1.win32_1.0.100.202403111256/tools/bin/../lib/gcc/arm-none-eabi/12.3.1/../../../../arm-none-eabi/lib/thumb/v7e-m+fp/hard\libc.a(libc_a-callocr.o)
                0x0800c40c                _calloc_r
 .text.__ascii_mbtowc
                0x0800c476       0x24 C:/ST/STM32CubeIDE_1.14.1/STM32CubeIDE/plugins/com.st.stm32cube.ide.mcu.externaltools.gnu-tools-for-stm32.12.3.rel1.win32_1.0.100.202403111256/tools/bin/../lib/gcc/arm-none-eabi/12.3.1/../../../../arm-none-eabi/lib/thumb/v7e-m+fp/hard\libc.a(libc_a-mbtowc_r.o)
                0x0800c476                __ascii_mbtowc
 *fill*         0x0800c49a        0x2 
 .text._realloc_r
                0x0800c49c      0x350 C:/ST/STM32CubeIDE_1.14.1/STM32CubeIDE/plugins/com.st.stm32cube.ide.mcu.externaltools.gnu-tools-for-stm32.12.3.rel1.win32_1.0.100.202403111256/tools/bin/../lib/gcc/arm-none-eabi/12.3.1/../../../../arm-none-eabi/lib/thumb/v7e-m+fp/hard\libc.a(libc_a-reallocr.o)
                0x0800c49c                _realloc_r
 .text.__ascii_wctomb
                0x0800c7ec       0x1a C:/ST/STM32CubeIDE_1.14.1/STM32CubeIDE/plugins/com.st.stm32cube.ide.mcu.externaltools.gnu-tools-for-stm32.12.3.rel1.win32_1.0.100.202403111256/tools/bin/../lib/gcc/arm-none-eabi/12.3.1/../../../../arm-none-eabi/lib/thumb/v7e-m+fp/hard\libc.a(libc_a-wctomb_r.o)
                0x0800c7ec                __ascii_wctomb
 *fill*         0x0800c806        0x2 
 .text.fiprintf
                0x0800c808       0x24 C:/ST/STM32CubeIDE_1.14.1/STM32CubeIDE/plugins/com.st.stm32cube.ide.mcu.externaltools.gnu-tools-for-stm32.12.3.rel1.win32_1.0.100.202403111256/tools/bin/../lib/gcc/arm-none-eabi/12.3.1/../../../../arm-none-eabi/lib/thumb/v7e-m+fp/hard\libc.a(libc_a-fiprintf.o)
                0x0800c808                fiprintf
 .text.__sprint_r
                0x0800c82c       0x64 C:/ST/STM32CubeIDE_1.14.1/STM32CubeIDE/plugins/com.st.stm32cube.ide.mcu.externaltools.gnu-tools-for-stm32.12.3.rel1.win32_1.0.100.202403111256/tools/bin/../lib/gcc/arm-none-eabi/12.3.1/../../../../arm-none-eabi/lib/thumb/v7e-m+fp/hard\libc.a(libc_a-vfiprintf.o)
                0x0800c82c                __sprint_r
 .text._vfiprintf_r
                0x0800c890      0x910 C:/ST/STM32CubeIDE_1.14.1/STM32CubeIDE/plugins/com.st.stm32cube.ide.mcu.externaltools.gnu-tools-for-stm32.12.3.rel1.win32_1.0.100.202403111256/tools/bin/../lib/gcc/arm-none-eabi/12.3.1/../../../../arm-none-eabi/lib/thumb/v7e-m+fp/hard\libc.a(libc_a-vfiprintf.o)
                0x0800c890                _vfiprintf_r
 .text.__sbprintf
                0x0800d1a0       0x80 C:/ST/STM32CubeIDE_1.14.1/STM32CubeIDE/plugins/com.st.stm32cube.ide.mcu.externaltools.gnu-tools-for-stm32.12.3.rel1.win32_1.0.100.202403111256/tools/bin/../lib/gcc/arm-none-eabi/12.3.1/../../../../arm-none-eabi/lib/thumb/v7e-m+fp/hard\libc.a(libc_a-vfiprintf.o)
 .text.__sfvwrite_r
                0x0800d220      0x298 C:/ST/STM32CubeIDE_1.14.1/STM32CubeIDE/plugins/com.st.stm32cube.ide.mcu.externaltools.gnu-tools-for-stm32.12.3.rel1.win32_1.0.100.202403111256/tools/bin/../lib/gcc/arm-none-eabi/12.3.1/../../../../arm-none-eabi/lib/thumb/v7e-m+fp/hard\libc.a(libc_a-fvwrite.o)
                0x0800d220                __sfvwrite_r
 .text.__swsetup_r
                0x0800d4b8       0xac C:/ST/STM32CubeIDE_1.14.1/STM32CubeIDE/plugins/com.st.stm32cube.ide.mcu.externaltools.gnu-tools-for-stm32.12.3.rel1.win32_1.0.100.202403111256/tools/bin/../lib/gcc/arm-none-eabi/12.3.1/../../../../arm-none-eabi/lib/thumb/v7e-m+fp/hard\libc.a(libc_a-wsetup.o)
                0x0800d4b8                __swsetup_r
 .text.__fputwc
                0x0800d564       0x82 C:/ST/STM32CubeIDE_1.14.1/STM32CubeIDE/plugins/com.st.stm32cube.ide.mcu.externaltools.gnu-tools-for-stm32.12.3.rel1.win32_1.0.100.202403111256/tools/bin/../lib/gcc/arm-none-eabi/12.3.1/../../../../arm-none-eabi/lib/thumb/v7e-m+fp/hard\libc.a(libc_a-fputwc.o)
                0x0800d564                __fputwc
 .text._fputwc_r
                0x0800d5e6       0x52 C:/ST/STM32CubeIDE_1.14.1/STM32CubeIDE/plugins/com.st.stm32cube.ide.mcu.externaltools.gnu-tools-for-stm32.12.3.rel1.win32_1.0.100.202403111256/tools/bin/../lib/gcc/arm-none-eabi/12.3.1/../../../../arm-none-eabi/lib/thumb/v7e-m+fp/hard\libc.a(libc_a-fputwc.o)
                0x0800d5e6                _fputwc_r
 .text.abort    0x0800d638        0xe C:/ST/STM32CubeIDE_1.14.1/STM32CubeIDE/plugins/com.st.stm32cube.ide.mcu.externaltools.gnu-tools-for-stm32.12.3.rel1.win32_1.0.100.202403111256/tools/bin/../lib/gcc/arm-none-eabi/12.3.1/../../../../arm-none-eabi/lib/thumb/v7e-m+fp/hard\libc.a(libc_a-abort.o)
                0x0800d638                abort
 *fill*         0x0800d646        0x2 
 .text._wcrtomb_r
                0x0800d648       0x2c C:/ST/STM32CubeIDE_1.14.1/STM32CubeIDE/plugins/com.st.stm32cube.ide.mcu.externaltools.gnu-tools-for-stm32.12.3.rel1.win32_1.0.100.202403111256/tools/bin/../lib/gcc/arm-none-eabi/12.3.1/../../../../arm-none-eabi/lib/thumb/v7e-m+fp/hard\libc.a(libc_a-wcrtomb.o)
                0x0800d648                _wcrtomb_r
 .text.__swhatbuf_r
                0x0800d674       0x50 C:/ST/STM32CubeIDE_1.14.1/STM32CubeIDE/plugins/com.st.stm32cube.ide.mcu.externaltools.gnu-tools-for-stm32.12.3.rel1.win32_1.0.100.202403111256/tools/bin/../lib/gcc/arm-none-eabi/12.3.1/../../../../arm-none-eabi/lib/thumb/v7e-m+fp/hard\libc.a(libc_a-makebuf.o)
                0x0800d674                __swhatbuf_r
 .text.__smakebuf_r
                0x0800d6c4       0x78 C:/ST/STM32CubeIDE_1.14.1/STM32CubeIDE/plugins/com.st.stm32cube.ide.mcu.externaltools.gnu-tools-for-stm32.12.3.rel1.win32_1.0.100.202403111256/tools/bin/../lib/gcc/arm-none-eabi/12.3.1/../../../../arm-none-eabi/lib/thumb/v7e-m+fp/hard\libc.a(libc_a-makebuf.o)
                0x0800d6c4                __smakebuf_r
 .text.__swbuf_r
                0x0800d73c       0x92 C:/ST/STM32CubeIDE_1.14.1/STM32CubeIDE/plugins/com.st.stm32cube.ide.mcu.externaltools.gnu-tools-for-stm32.12.3.rel1.win32_1.0.100.202403111256/tools/bin/../lib/gcc/arm-none-eabi/12.3.1/../../../../arm-none-eabi/lib/thumb/v7e-m+fp/hard\libc.a(libc_a-wbuf.o)
                0x0800d73c                __swbuf_r
 .text._raise_r
                0x0800d7ce       0x52 C:/ST/STM32CubeIDE_1.14.1/STM32CubeIDE/plugins/com.st.stm32cube.ide.mcu.externaltools.gnu-tools-for-stm32.12.3.rel1.win32_1.0.100.202403111256/tools/bin/../lib/gcc/arm-none-eabi/12.3.1/../../../../arm-none-eabi/lib/thumb/v7e-m+fp/hard\libc.a(libc_a-signal.o)
                0x0800d7ce                _raise_r
 .text.raise    0x0800d820       0x10 C:/ST/STM32CubeIDE_1.14.1/STM32CubeIDE/plugins/com.st.stm32cube.ide.mcu.externaltools.gnu-tools-for-stm32.12.3.rel1.win32_1.0.100.202403111256/tools/bin/../lib/gcc/arm-none-eabi/12.3.1/../../../../arm-none-eabi/lib/thumb/v7e-m+fp/hard\libc.a(libc_a-signal.o)
                0x0800d820                raise
 .text._fstat_r
                0x0800d830       0x24 C:/ST/STM32CubeIDE_1.14.1/STM32CubeIDE/plugins/com.st.stm32cube.ide.mcu.externaltools.gnu-tools-for-stm32.12.3.rel1.win32_1.0.100.202403111256/tools/bin/../lib/gcc/arm-none-eabi/12.3.1/../../../../arm-none-eabi/lib/thumb/v7e-m+fp/hard\libc.a(libc_a-fstatr.o)
                0x0800d830                _fstat_r
 .text._isatty_r
                0x0800d854       0x20 C:/ST/STM32CubeIDE_1.14.1/STM32CubeIDE/plugins/com.st.stm32cube.ide.mcu.externaltools.gnu-tools-for-stm32.12.3.rel1.win32_1.0.100.202403111256/tools/bin/../lib/gcc/arm-none-eabi/12.3.1/../../../../arm-none-eabi/lib/thumb/v7e-m+fp/hard\libc.a(libc_a-isattyr.o)
                0x0800d854                _isatty_r
 .text._kill_r  0x0800d874       0x24 C:/ST/STM32CubeIDE_1.14.1/STM32CubeIDE/plugins/com.st.stm32cube.ide.mcu.externaltools.gnu-tools-for-stm32.12.3.rel1.win32_1.0.100.202403111256/tools/bin/../lib/gcc/arm-none-eabi/12.3.1/../../../../arm-none-eabi/lib/thumb/v7e-m+fp/hard\libc.a(libc_a-signalr.o)
                0x0800d874                _kill_r
 .text._getpid_r
                0x0800d898        0x4 C:/ST/STM32CubeIDE_1.14.1/STM32CubeIDE/plugins/com.st.stm32cube.ide.mcu.externaltools.gnu-tools-for-stm32.12.3.rel1.win32_1.0.100.202403111256/tools/bin/../lib/gcc/arm-none-eabi/12.3.1/../../../../arm-none-eabi/lib/thumb/v7e-m+fp/hard\libc.a(libc_a-signalr.o)
                0x0800d898                _getpid_r
 .text.pow      0x0800d89c       0xe0 C:/ST/STM32CubeIDE_1.14.1/STM32CubeIDE/plugins/com.st.stm32cube.ide.mcu.externaltools.gnu-tools-for-stm32.12.3.rel1.win32_1.0.100.202403111256/tools/bin/../lib/gcc/arm-none-eabi/12.3.1/../../../../arm-none-eabi/lib/thumb/v7e-m+fp/hard\libm.a(libm_a-w_pow.o)
                0x0800d89c                pow
 .text.finite   0x0800d97c       0x16 C:/ST/STM32CubeIDE_1.14.1/STM32CubeIDE/plugins/com.st.stm32cube.ide.mcu.externaltools.gnu-tools-for-stm32.12.3.rel1.win32_1.0.100.202403111256/tools/bin/../lib/gcc/arm-none-eabi/12.3.1/../../../../arm-none-eabi/lib/thumb/v7e-m+fp/hard\libm.a(libm_a-s_finite.o)
                0x0800d97c                finite
 *fill*         0x0800d992        0x6 
 .text.__ieee754_pow
                0x0800d998      0xa88 C:/ST/STM32CubeIDE_1.14.1/STM32CubeIDE/plugins/com.st.stm32cube.ide.mcu.externaltools.gnu-tools-for-stm32.12.3.rel1.win32_1.0.100.202403111256/tools/bin/../lib/gcc/arm-none-eabi/12.3.1/../../../../arm-none-eabi/lib/thumb/v7e-m+fp/hard\libm.a(libm_a-e_pow.o)
                0x0800d998                __ieee754_pow
 .text.fabs     0x0800e420       0x10 C:/ST/STM32CubeIDE_1.14.1/STM32CubeIDE/plugins/com.st.stm32cube.ide.mcu.externaltools.gnu-tools-for-stm32.12.3.rel1.win32_1.0.100.202403111256/tools/bin/../lib/gcc/arm-none-eabi/12.3.1/../../../../arm-none-eabi/lib/thumb/v7e-m+fp/hard\libm.a(libm_a-s_fabs.o)
                0x0800e420                fabs
 .text.scalbn   0x0800e430       0xfc C:/ST/STM32CubeIDE_1.14.1/STM32CubeIDE/plugins/com.st.stm32cube.ide.mcu.externaltools.gnu-tools-for-stm32.12.3.rel1.win32_1.0.100.202403111256/tools/bin/../lib/gcc/arm-none-eabi/12.3.1/../../../../arm-none-eabi/lib/thumb/v7e-m+fp/hard\libm.a(libm_a-s_scalbn.o)
                0x0800e430                scalbn
 .text.with_errno
                0x0800e52c       0x24 C:/ST/STM32CubeIDE_1.14.1/STM32CubeIDE/plugins/com.st.stm32cube.ide.mcu.externaltools.gnu-tools-for-stm32.12.3.rel1.win32_1.0.100.202403111256/tools/bin/../lib/gcc/arm-none-eabi/12.3.1/../../../../arm-none-eabi/lib/thumb/v7e-m+fp/hard\libm.a(libm_a-math_err.o)
 .text.xflow    0x0800e550       0x32 C:/ST/STM32CubeIDE_1.14.1/STM32CubeIDE/plugins/com.st.stm32cube.ide.mcu.externaltools.gnu-tools-for-stm32.12.3.rel1.win32_1.0.100.202403111256/tools/bin/../lib/gcc/arm-none-eabi/12.3.1/../../../../arm-none-eabi/lib/thumb/v7e-m+fp/hard\libm.a(libm_a-math_err.o)
 *fill*         0x0800e582        0x6 
 .text.__math_uflow
                0x0800e588       0x10 C:/ST/STM32CubeIDE_1.14.1/STM32CubeIDE/plugins/com.st.stm32cube.ide.mcu.externaltools.gnu-tools-for-stm32.12.3.rel1.win32_1.0.100.202403111256/tools/bin/../lib/gcc/arm-none-eabi/12.3.1/../../../../arm-none-eabi/lib/thumb/v7e-m+fp/hard\libm.a(libm_a-math_err.o)
                0x0800e588                __math_uflow
 .text.__math_oflow
                0x0800e598       0x10 C:/ST/STM32CubeIDE_1.14.1/STM32CubeIDE/plugins/com.st.stm32cube.ide.mcu.externaltools.gnu-tools-for-stm32.12.3.rel1.win32_1.0.100.202403111256/tools/bin/../lib/gcc/arm-none-eabi/12.3.1/../../../../arm-none-eabi/lib/thumb/v7e-m+fp/hard\libm.a(libm_a-math_err.o)
                0x0800e598                __math_oflow
 .text.__ieee754_sqrt
                0x0800e5a8      0x1b4 C:/ST/STM32CubeIDE_1.14.1/STM32CubeIDE/plugins/com.st.stm32cube.ide.mcu.externaltools.gnu-tools-for-stm32.12.3.rel1.win32_1.0.100.202403111256/tools/bin/../lib/gcc/arm-none-eabi/12.3.1/../../../../arm-none-eabi/lib/thumb/v7e-m+fp/hard\libm.a(libm_a-e_sqrt.o)
                0x0800e5a8                __ieee754_sqrt
 *(.glue_7)
 .glue_7        0x0800e75c        0x0 linker stubs
 *(.glue_7t)
 .glue_7t       0x0800e75c        0x0 linker stubs
 *(.eh_frame)
 .eh_frame      0x0800e75c        0x0 C:/ST/STM32CubeIDE_1.14.1/STM32CubeIDE/plugins/com.st.stm32cube.ide.mcu.externaltools.gnu-tools-for-stm32.12.3.rel1.win32_1.0.100.202403111256/tools/bin/../lib/gcc/arm-none-eabi/12.3.1/thumb/v7e-m+fp/hard/crtbegin.o
 *(.init)
 .init          0x0800e75c        0x4 C:/ST/STM32CubeIDE_1.14.1/STM32CubeIDE/plugins/com.st.stm32cube.ide.mcu.externaltools.gnu-tools-for-stm32.12.3.rel1.win32_1.0.100.202403111256/tools/bin/../lib/gcc/arm-none-eabi/12.3.1/thumb/v7e-m+fp/hard/crti.o
                0x0800e75c                _init
 .init          0x0800e760        0x8 C:/ST/STM32CubeIDE_1.14.1/STM32CubeIDE/plugins/com.st.stm32cube.ide.mcu.externaltools.gnu-tools-for-stm32.12.3.rel1.win32_1.0.100.202403111256/tools/bin/../lib/gcc/arm-none-eabi/12.3.1/thumb/v7e-m+fp/hard/crtn.o
 *(.fini)
 .fini          0x0800e768        0x4 C:/ST/STM32CubeIDE_1.14.1/STM32CubeIDE/plugins/com.st.stm32cube.ide.mcu.externaltools.gnu-tools-for-stm32.12.3.rel1.win32_1.0.100.202403111256/tools/bin/../lib/gcc/arm-none-eabi/12.3.1/thumb/v7e-m+fp/hard/crti.o
                0x0800e768                _fini
 .fini          0x0800e76c        0x8 C:/ST/STM32CubeIDE_1.14.1/STM32CubeIDE/plugins/com.st.stm32cube.ide.mcu.externaltools.gnu-tools-for-stm32.12.3.rel1.win32_1.0.100.202403111256/tools/bin/../lib/gcc/arm-none-eabi/12.3.1/thumb/v7e-m+fp/hard/crtn.o
                0x0800e774                        . = ALIGN (0x4)
                0x0800e774                        _etext = .

.vfp11_veneer   0x0800e774        0x0
 .vfp11_veneer  0x0800e774        0x0 linker stubs

.v4_bx          0x0800e774        0x0
 .v4_bx         0x0800e774        0x0 linker stubs

.iplt           0x0800e774        0x0
 .iplt          0x0800e774        0x0 C:/ST/STM32CubeIDE_1.14.1/STM32CubeIDE/plugins/com.st.stm32cube.ide.mcu.externaltools.gnu-tools-for-stm32.12.3.rel1.win32_1.0.100.202403111256/tools/bin/../lib/gcc/arm-none-eabi/12.3.1/thumb/v7e-m+fp/hard/crtbegin.o

.rodata         0x0800e778      0x458
                0x0800e778                        . = ALIGN (0x4)
 *(.rodata)
 .rodata        0x0800e778       0x40 ./Core/Src/main.o
 .rodata        0x0800e7b8       0x46 ./USB_DEVICE/App/usbd_desc.o
 *(.rodata*)
 *fill*         0x0800e7fe        0x2 
 .rodata.AHBPrescTable
                0x0800e800       0x10 ./Core/Src/system_stm32f4xx.o
                0x0800e800                AHBPrescTable
 .rodata.APBPrescTable
                0x0800e810        0x8 ./Core/Src/system_stm32f4xx.o
                0x0800e810                APBPrescTable
 .rodata._svfprintf_r.str1.1
                0x0800e818       0x34 C:/ST/STM32CubeIDE_1.14.1/STM32CubeIDE/plugins/com.st.stm32cube.ide.mcu.externaltools.gnu-tools-for-stm32.12.3.rel1.win32_1.0.100.202403111256/tools/bin/../lib/gcc/arm-none-eabi/12.3.1/../../../../arm-none-eabi/lib/thumb/v7e-m+fp/hard\libc.a(libc_a-svfprintf.o)
 .rodata.zeroes.0
                0x0800e84c       0x10 C:/ST/STM32CubeIDE_1.14.1/STM32CubeIDE/plugins/com.st.stm32cube.ide.mcu.externaltools.gnu-tools-for-stm32.12.3.rel1.win32_1.0.100.202403111256/tools/bin/../lib/gcc/arm-none-eabi/12.3.1/../../../../arm-none-eabi/lib/thumb/v7e-m+fp/hard\libc.a(libc_a-svfprintf.o)
 .rodata.blanks.1
                0x0800e85c       0x10 C:/ST/STM32CubeIDE_1.14.1/STM32CubeIDE/plugins/com.st.stm32cube.ide.mcu.externaltools.gnu-tools-for-stm32.12.3.rel1.win32_1.0.100.202403111256/tools/bin/../lib/gcc/arm-none-eabi/12.3.1/../../../../arm-none-eabi/lib/thumb/v7e-m+fp/hard\libc.a(libc_a-svfprintf.o)
 .rodata._dtoa_r.str1.1
                0x0800e86c       0x76 C:/ST/STM32CubeIDE_1.14.1/STM32CubeIDE/plugins/com.st.stm32cube.ide.mcu.externaltools.gnu-tools-for-stm32.12.3.rel1.win32_1.0.100.202403111256/tools/bin/../lib/gcc/arm-none-eabi/12.3.1/../../../../arm-none-eabi/lib/thumb/v7e-m+fp/hard\libc.a(libc_a-dtoa.o)
                                 0x78 (size before relaxing)
 .rodata.__multadd.str1.1
                0x0800e8e2       0x59 C:/ST/STM32CubeIDE_1.14.1/STM32CubeIDE/plugins/com.st.stm32cube.ide.mcu.externaltools.gnu-tools-for-stm32.12.3.rel1.win32_1.0.100.202403111256/tools/bin/../lib/gcc/arm-none-eabi/12.3.1/../../../../arm-none-eabi/lib/thumb/v7e-m+fp/hard\libc.a(libc_a-mprec.o)
                                 0x6a (size before relaxing)
 *fill*         0x0800e93b        0x1 
 .rodata.p05.0  0x0800e93c        0xc C:/ST/STM32CubeIDE_1.14.1/STM32CubeIDE/plugins/com.st.stm32cube.ide.mcu.externaltools.gnu-tools-for-stm32.12.3.rel1.win32_1.0.100.202403111256/tools/bin/../lib/gcc/arm-none-eabi/12.3.1/../../../../arm-none-eabi/lib/thumb/v7e-m+fp/hard\libc.a(libc_a-mprec.o)
 .rodata.__mprec_bigtens
                0x0800e948       0x28 C:/ST/STM32CubeIDE_1.14.1/STM32CubeIDE/plugins/com.st.stm32cube.ide.mcu.externaltools.gnu-tools-for-stm32.12.3.rel1.win32_1.0.100.202403111256/tools/bin/../lib/gcc/arm-none-eabi/12.3.1/../../../../arm-none-eabi/lib/thumb/v7e-m+fp/hard\libc.a(libc_a-mprec.o)
                0x0800e948                __mprec_bigtens
 .rodata.__mprec_tens
                0x0800e970       0xc8 C:/ST/STM32CubeIDE_1.14.1/STM32CubeIDE/plugins/com.st.stm32cube.ide.mcu.externaltools.gnu-tools-for-stm32.12.3.rel1.win32_1.0.100.202403111256/tools/bin/../lib/gcc/arm-none-eabi/12.3.1/../../../../arm-none-eabi/lib/thumb/v7e-m+fp/hard\libc.a(libc_a-mprec.o)
                0x0800e970                __mprec_tens
 .rodata._setlocale_r.str1.1
                0x0800ea38        0x8 C:/ST/STM32CubeIDE_1.14.1/STM32CubeIDE/plugins/com.st.stm32cube.ide.mcu.externaltools.gnu-tools-for-stm32.12.3.rel1.win32_1.0.100.202403111256/tools/bin/../lib/gcc/arm-none-eabi/12.3.1/../../../../arm-none-eabi/lib/thumb/v7e-m+fp/hard\libc.a(libc_a-locale.o)
                                  0x9 (size before relaxing)
 .rodata.str1.1
                0x0800ea40        0x2 C:/ST/STM32CubeIDE_1.14.1/STM32CubeIDE/plugins/com.st.stm32cube.ide.mcu.externaltools.gnu-tools-for-stm32.12.3.rel1.win32_1.0.100.202403111256/tools/bin/../lib/gcc/arm-none-eabi/12.3.1/../../../../arm-none-eabi/lib/thumb/v7e-m+fp/hard\libc.a(libc_a-locale.o)
 .rodata.__assert_func.str1.1
                0x0800ea42       0x3c C:/ST/STM32CubeIDE_1.14.1/STM32CubeIDE/plugins/com.st.stm32cube.ide.mcu.externaltools.gnu-tools-for-stm32.12.3.rel1.win32_1.0.100.202403111256/tools/bin/../lib/gcc/arm-none-eabi/12.3.1/../../../../arm-none-eabi/lib/thumb/v7e-m+fp/hard\libc.a(libc_a-assert.o)
                                 0x3d (size before relaxing)
 .rodata._ctype_
                0x0800ea7e      0x101 C:/ST/STM32CubeIDE_1.14.1/STM32CubeIDE/plugins/com.st.stm32cube.ide.mcu.externaltools.gnu-tools-for-stm32.12.3.rel1.win32_1.0.100.202403111256/tools/bin/../lib/gcc/arm-none-eabi/12.3.1/../../../../arm-none-eabi/lib/thumb/v7e-m+fp/hard\libc.a(libc_a-ctype_.o)
                0x0800ea7e                _ctype_
 .rodata._vfiprintf_r.str1.1
                0x0800eb7f       0x22 C:/ST/STM32CubeIDE_1.14.1/STM32CubeIDE/plugins/com.st.stm32cube.ide.mcu.externaltools.gnu-tools-for-stm32.12.3.rel1.win32_1.0.100.202403111256/tools/bin/../lib/gcc/arm-none-eabi/12.3.1/../../../../arm-none-eabi/lib/thumb/v7e-m+fp/hard\libc.a(libc_a-vfiprintf.o)
 .rodata.zeroes.0
                0x0800eb7f       0x10 C:/ST/STM32CubeIDE_1.14.1/STM32CubeIDE/plugins/com.st.stm32cube.ide.mcu.externaltools.gnu-tools-for-stm32.12.3.rel1.win32_1.0.100.202403111256/tools/bin/../lib/gcc/arm-none-eabi/12.3.1/../../../../arm-none-eabi/lib/thumb/v7e-m+fp/hard\libc.a(libc_a-vfiprintf.o)
 .rodata.blanks.1
                0x0800eb8f       0x10 C:/ST/STM32CubeIDE_1.14.1/STM32CubeIDE/plugins/com.st.stm32cube.ide.mcu.externaltools.gnu-tools-for-stm32.12.3.rel1.win32_1.0.100.202403111256/tools/bin/../lib/gcc/arm-none-eabi/12.3.1/../../../../arm-none-eabi/lib/thumb/v7e-m+fp/hard\libc.a(libc_a-vfiprintf.o)
 *fill*         0x0800eb9f        0x1 
 .rodata.dp_l   0x0800eba0       0x10 C:/ST/STM32CubeIDE_1.14.1/STM32CubeIDE/plugins/com.st.stm32cube.ide.mcu.externaltools.gnu-tools-for-stm32.12.3.rel1.win32_1.0.100.202403111256/tools/bin/../lib/gcc/arm-none-eabi/12.3.1/../../../../arm-none-eabi/lib/thumb/v7e-m+fp/hard\libm.a(libm_a-e_pow.o)
 .rodata.dp_h   0x0800ebb0       0x10 C:/ST/STM32CubeIDE_1.14.1/STM32CubeIDE/plugins/com.st.stm32cube.ide.mcu.externaltools.gnu-tools-for-stm32.12.3.rel1.win32_1.0.100.202403111256/tools/bin/../lib/gcc/arm-none-eabi/12.3.1/../../../../arm-none-eabi/lib/thumb/v7e-m+fp/hard\libm.a(libm_a-e_pow.o)
 .rodata.bp     0x0800ebc0       0x10 C:/ST/STM32CubeIDE_1.14.1/STM32CubeIDE/plugins/com.st.stm32cube.ide.mcu.externaltools.gnu-tools-for-stm32.12.3.rel1.win32_1.0.100.202403111256/tools/bin/../lib/gcc/arm-none-eabi/12.3.1/../../../../arm-none-eabi/lib/thumb/v7e-m+fp/hard\libm.a(libm_a-e_pow.o)
                0x0800ebd0                        . = ALIGN (0x4)

.ARM.extab      0x0800ebd0        0x0
                0x0800ebd0                        . = ALIGN (0x4)
 *(.ARM.extab* .gnu.linkonce.armextab.*)
                0x0800ebd0                        . = ALIGN (0x4)

.ARM            0x0800ebd0        0x8
                0x0800ebd0                        . = ALIGN (0x4)
                0x0800ebd0                        __exidx_start = .
 *(.ARM.exidx*)