20:54:23 **** Build of configuration Debug for project PWM_Delay ****
make -j8 all 
arm-none-eabi-size  PWM_Delay.elf 
   text	   data	    bss	    dec	    hex	filename
  52336	    736	   9272	  62344	   f388	PWM_Delay.elf
Finished building: default.size.stdout
 
20:54:55 **** Incremental Build of configuration Debug for project PWM_Delay ****
make -j8 all 
arm-none-eabi-size  PWM_Delay.elf 
   text	   data	    bss	    dec	    hex	filename
  52336	    736	   9272	  62344	   f388	PWM_Delay.elf
Finished building: default.size.stdout
 
